Component: ARM Compiler 5.06 update 7 (build 960) Tool: armlink [4d3601]

==============================================================================

Section Cross References

    main.o(i.main) refers to system.o(i.systemInit) for systemInit
    main.o(i.main) refers to tasks.o(i.xTaskCreate) for xTaskCreate
    main.o(i.main) refers to tasks.o(i.vTaskStartScheduler) for vTaskStartScheduler
    main.o(i.main) refers to main.o(.data) for .data
    main.o(i.main) refers to main.o(i.start_task) for start_task
    main.o(i.start_task) refers to port.o(i.vPortEnterCritical) for vPortEnterCritical
    main.o(i.start_task) refers to tasks.o(i.xTaskCreate) for xTaskCreate
    main.o(i.start_task) refers to tasks.o(i.vTaskDelete) for vTaskDelete
    main.o(i.start_task) refers to port.o(i.vPortExitCritical) for vPortExitCritical
    main.o(i.start_task) refers to balance.o(i.Balance_task) for Balance_task
    main.o(i.start_task) refers to mpu6050.o(i.MPU6050_task) for MPU6050_task
    main.o(i.start_task) refers to show.o(i.show_task) for show_task
    main.o(i.start_task) refers to led.o(i.led_task) for led_task
    main.o(i.start_task) refers to pstwo.o(i.pstwo_task) for pstwo_task
    main.o(i.start_task) refers to usartx.o(i.data_task) for data_task
    main.o(i.start_task) refers to main.o(.data) for .data
    system_stm32f4xx.o(i.SystemCoreClockUpdate) refers to system_stm32f4xx.o(.data) for .data
    system_stm32f4xx.o(i.SystemInit) refers to system_stm32f4xx.o(i.SetSysClock) for SetSysClock
    adc.o(i.Adc_Init) refers to stm32f4xx_rcc.o(i.RCC_AHB1PeriphClockCmd) for RCC_AHB1PeriphClockCmd
    adc.o(i.Adc_Init) refers to stm32f4xx_rcc.o(i.RCC_APB2PeriphClockCmd) for RCC_APB2PeriphClockCmd
    adc.o(i.Adc_Init) refers to stm32f4xx_gpio.o(i.GPIO_Init) for GPIO_Init
    adc.o(i.Adc_Init) refers to stm32f4xx_rcc.o(i.RCC_APB2PeriphResetCmd) for RCC_APB2PeriphResetCmd
    adc.o(i.Adc_Init) refers to stm32f4xx_adc.o(i.ADC_CommonInit) for ADC_CommonInit
    adc.o(i.Adc_Init) refers to stm32f4xx_adc.o(i.ADC_Init) for ADC_Init
    adc.o(i.Adc_Init) refers to stm32f4xx_adc.o(i.ADC_Cmd) for ADC_Cmd
    adc.o(i.Adc_POWER_Init) refers to stm32f4xx_rcc.o(i.RCC_AHB1PeriphClockCmd) for RCC_AHB1PeriphClockCmd
    adc.o(i.Adc_POWER_Init) refers to stm32f4xx_rcc.o(i.RCC_APB2PeriphClockCmd) for RCC_APB2PeriphClockCmd
    adc.o(i.Adc_POWER_Init) refers to stm32f4xx_gpio.o(i.GPIO_Init) for GPIO_Init
    adc.o(i.Adc_POWER_Init) refers to stm32f4xx_rcc.o(i.RCC_APB2PeriphResetCmd) for RCC_APB2PeriphResetCmd
    adc.o(i.Adc_POWER_Init) refers to stm32f4xx_adc.o(i.ADC_CommonInit) for ADC_CommonInit
    adc.o(i.Adc_POWER_Init) refers to stm32f4xx_adc.o(i.ADC_Init) for ADC_Init
    adc.o(i.Adc_POWER_Init) refers to stm32f4xx_adc.o(i.ADC_Cmd) for ADC_Cmd
    adc.o(i.Get_Adc) refers to stm32f4xx_adc.o(i.ADC_RegularChannelConfig) for ADC_RegularChannelConfig
    adc.o(i.Get_Adc) refers to stm32f4xx_adc.o(i.ADC_SoftwareStartConv) for ADC_SoftwareStartConv
    adc.o(i.Get_Adc) refers to stm32f4xx_adc.o(i.ADC_GetFlagStatus) for ADC_GetFlagStatus
    adc.o(i.Get_Adc) refers to stm32f4xx_adc.o(i.ADC_GetConversionValue) for ADC_GetConversionValue
    adc.o(i.Get_Adc2) refers to stm32f4xx_adc.o(i.ADC_RegularChannelConfig) for ADC_RegularChannelConfig
    adc.o(i.Get_Adc2) refers to stm32f4xx_adc.o(i.ADC_SoftwareStartConv) for ADC_SoftwareStartConv
    adc.o(i.Get_Adc2) refers to stm32f4xx_adc.o(i.ADC_GetFlagStatus) for ADC_GetFlagStatus
    adc.o(i.Get_Adc2) refers to stm32f4xx_adc.o(i.ADC_GetConversionValue) for ADC_GetConversionValue
    adc.o(i.Get_adc_Average) refers to adc.o(i.Get_Adc) for Get_Adc
    adc.o(i.Get_adc_Average) refers to delay.o(i.delay_ms) for delay_ms
    adc.o(i.Get_battery_volt) refers to adc.o(i.Get_Adc2) for Get_Adc2
    adc.o(i.Get_battery_volt) refers to dflt_clz.o(x$fpl$dfltu) for __aeabi_ui2d
    adc.o(i.Get_battery_volt) refers to dmul.o(x$fpl$dmul) for __aeabi_dmul
    adc.o(i.Get_battery_volt) refers to d2f.o(x$fpl$d2f) for __aeabi_d2f
    can.o(i.CAN1_Mode_Init) refers to stm32f4xx_rcc.o(i.RCC_AHB1PeriphClockCmd) for RCC_AHB1PeriphClockCmd
    can.o(i.CAN1_Mode_Init) refers to stm32f4xx_rcc.o(i.RCC_APB1PeriphClockCmd) for RCC_APB1PeriphClockCmd
    can.o(i.CAN1_Mode_Init) refers to stm32f4xx_gpio.o(i.GPIO_Init) for GPIO_Init
    can.o(i.CAN1_Mode_Init) refers to stm32f4xx_gpio.o(i.GPIO_PinAFConfig) for GPIO_PinAFConfig
    can.o(i.CAN1_Mode_Init) refers to misc.o(i.NVIC_Init) for NVIC_Init
    can.o(i.CAN1_Mode_Init) refers to stm32f4xx_can.o(i.CAN_ITConfig) for CAN_ITConfig
    can.o(i.CAN1_RX0_IRQHandler) refers to can.o(i.CAN1_Rx_Msg) for CAN1_Rx_Msg
    can.o(i.CAN1_RX0_IRQHandler) refers to usartx.o(i.Vz_to_Akm_Angle) for Vz_to_Akm_Angle
    can.o(i.CAN1_RX0_IRQHandler) refers to system.o(.data) for CAN_ON_Flag
    can.o(i.CAN1_RX0_IRQHandler) refers to system.o(.data) for PS2_ON_Flag
    can.o(i.CAN1_RX0_IRQHandler) refers to system.o(.data) for Remote_ON_Flag
[...]
    delay_ms                                 0x0800690d   Thumb Code    52  delay.o(i.delay_ms)
    delay_us                                 0x08006945   Thumb Code    48  delay.o(i.delay_us)
    dmp_enable_6x_lp_quat                    0x08006979   Thumb Code    58  inv_mpu_dmp_motion_driver.o(i.dmp_enable_6x_lp_quat)
    dmp_enable_feature                       0x080069b5   Thumb Code   468  inv_mpu_dmp_motion_driver.o(i.dmp_enable_feature)
    dmp_enable_gyro_cal                      0x08006b91   Thumb Code    32  inv_mpu_dmp_motion_driver.o(i.dmp_enable_gyro_cal)
    dmp_enable_lp_quat                       0x08006bc9   Thumb Code    58  inv_mpu_dmp_motion_driver.o(i.dmp_enable_lp_quat)
    dmp_load_motion_driver_firmware          0x08006c05   Thumb Code    16  inv_mpu_dmp_motion_driver.o(i.dmp_load_motion_driver_firmware)
    dmp_read_fifo                            0x08006c19   Thumb Code   354  inv_mpu_dmp_motion_driver.o(i.dmp_read_fifo)
    dmp_set_accel_bias                       0x08006d81   Thumb Code   210  inv_mpu_dmp_motion_driver.o(i.dmp_set_accel_bias)
    dmp_set_fifo_rate                        0x08006e59   Thumb Code    82  inv_mpu_dmp_motion_driver.o(i.dmp_set_fifo_rate)
    dmp_set_gyro_bias                        0x08006ebd   Thumb Code   196  inv_mpu_dmp_motion_driver.o(i.dmp_set_gyro_bias)
    dmp_set_orientation                      0x08006f89   Thumb Code   246  inv_mpu_dmp_motion_driver.o(i.dmp_set_orientation)
    dmp_set_shake_reject_thresh              0x08007095   Thumb Code    48  inv_mpu_dmp_motion_driver.o(i.dmp_set_shake_reject_thresh)
    dmp_set_shake_reject_time                0x080070c5   Thumb Code    32  inv_mpu_dmp_motion_driver.o(i.dmp_set_shake_reject_time)
    dmp_set_shake_reject_timeout             0x080070e5   Thumb Code    32  inv_mpu_dmp_motion_driver.o(i.dmp_set_shake_reject_timeout)
    dmp_set_tap_axes                         0x08007105   Thumb Code    64  inv_mpu_dmp_motion_driver.o(i.dmp_set_tap_axes)
    dmp_set_tap_count                        0x08007145   Thumb Code    34  inv_mpu_dmp_motion_driver.o(i.dmp_set_tap_count)
    dmp_set_tap_thresh                       0x08007169   Thumb Code   314  inv_mpu_dmp_motion_driver.o(i.dmp_set_tap_thresh)
    dmp_set_tap_time                         0x080072c9   Thumb Code    32  inv_mpu_dmp_motion_driver.o(i.dmp_set_tap_time)
    dmp_set_tap_time_multi                   0x080072e9   Thumb Code    32  inv_mpu_dmp_motion_driver.o(i.dmp_set_tap_time_multi)
    fabs                                     0x08007309   Thumb Code    24  fabs.o(i.fabs)
    float_abs                                0x08007321   Thumb Code    16  balance.o(i.float_abs)
    fputc                                    0x08007331   Thumb Code    18  usart.o(i.fputc)
    getSysTickCnt                            0x08007349   Thumb Code    24  delay.o(i.getSysTickCnt)
    inv_orientation_matrix_to_scalar         0x08007801   Thumb Code    34  inv_mpu.o(i.inv_orientation_matrix_to_scalar)
    inv_row_2_scale                          0x08007823   Thumb Code    72  inv_mpu.o(i.inv_row_2_scale)
    led_task                                 0x0800786d   Thumb Code    22  led.o(i.led_task)
    main                                     0x0800788d   Thumb Code    34  main.o(i.main)
    mpu_configure_fifo                       0x080078c5   Thumb Code    84  inv_mpu.o(i.mpu_configure_fifo)
    mpu_get_accel_fsr                        0x0800791d   Thumb Code    54  inv_mpu.o(i.mpu_get_accel_fsr)
    mpu_get_accel_sens                       0x08007959   Thumb Code    62  inv_mpu.o(i.mpu_get_accel_sens)
    mpu_get_gyro_fsr                         0x0800799d   Thumb Code    48  inv_mpu.o(i.mpu_get_gyro_fsr)
    mpu_get_gyro_sens                        0x080079d1   Thumb Code    54  inv_mpu.o(i.mpu_get_gyro_sens)
    mpu_get_lpf                              0x08007a1d   Thumb Code    52  inv_mpu.o(i.mpu_get_lpf)
    mpu_get_sample_rate                      0x08007a55   Thumb Code    22  inv_mpu.o(i.mpu_get_sample_rate)
    mpu_init                                 0x08007a71   Thumb Code   288  inv_mpu.o(i.mpu_init)
    mpu_load_firmware                        0x08007b95   Thumb Code   158  inv_mpu.o(i.mpu_load_firmware)
    mpu_lp_accel_mode                        0x08007c39   Thumb Code   178  inv_mpu.o(i.mpu_lp_accel_mode)
    mpu_read_fifo_stream                     0x08007cf1   Thumb Code   140  inv_mpu.o(i.mpu_read_fifo_stream)
    mpu_read_mem                             0x08007d81   Thumb Code    80  inv_mpu.o(i.mpu_read_mem)
    mpu_reset_fifo                           0x08007dd5   Thumb Code   344  inv_mpu.o(i.mpu_reset_fifo)
    mpu_run_self_test                        0x08007f31   Thumb Code   234  inv_mpu.o(i.mpu_run_self_test)
    mpu_set_accel_fsr                        0x08008021   Thumb Code    98  inv_mpu.o(i.mpu_set_accel_fsr)
    mpu_set_bypass                           0x08008089   Thumb Code   214  inv_mpu.o(i.mpu_set_bypass)
    mpu_set_dmp_state                        0x08008165   Thumb Code   114  inv_mpu.o(i.mpu_set_dmp_state)
    mpu_set_gyro_fsr                         0x080081dd   Thumb Code   104  inv_mpu.o(i.mpu_set_gyro_fsr)
    mpu_set_int_latched                      0x08008249   Thumb Code    94  inv_mpu.o(i.mpu_set_int_latched)
    mpu_set_lpf                              0x080082ad   Thumb Code   102  inv_mpu.o(i.mpu_set_lpf)
    mpu_set_sample_rate                      0x08008319   Thumb Code   116  inv_mpu.o(i.mpu_set_sample_rate)
    mpu_set_sensors                          0x08008391   Thumb Code   178  inv_mpu.o(i.mpu_set_sensors)
    mpu_write_mem                            0x08008449   Thumb Code    80  inv_mpu.o(i.mpu_write_mem)
    oled_pow                                 0x0800849d   Thumb Code    16  oled.o(i.oled_pow)
    oled_show                                0x080084ad   Thumb Code  1332  show.o(i.oled_show)
    pstwo_task                               0x0800924d   Thumb Code    22  pstwo.o(i.pstwo_task)
    pvPortMalloc                             0x08009265   Thumb Code   214  heap_4.o(i.pvPortMalloc)
    pvTaskIncrementMutexHeldCount            0x08009379   Thumb Code    18  tasks.o(i.pvTaskIncrementMutexHeldCount)
    pxPortInitialiseStack                    0x08009391   Thumb Code    40  port.o(i.pxPortInitialiseStack)
    run_self_test                            0x080093bd   Thumb Code   136  inv_mpu.o(i.run_self_test)
    show_task                                0x08009499   Thumb Code   258  show.o(i.show_task)
    sqrt                                     0x080095c1   Thumb Code   110  sqrt.o(i.sqrt)
    start_task                               0x08009631   Thumb Code   128  main.o(i.start_task)
    systemInit                               0x0800971d   Thumb Code   190  system.o(i.systemInit)
    target_limit_float                       0x080097db   Thumb Code    32  balance.o(i.target_limit_float)
    target_limit_int                         0x080097fb   Thumb Code    16  balance.o(i.target_limit_int)
    uart1_init                               0x0800980d   Thumb Code   162  usartx.o(i.uart1_init)
    uart2_init                               0x080098b9   Thumb Code   160  usartx.o(i.uart2_init)
    uart3_init                               0x08009961   Thumb Code   168  usartx.o(i.uart3_init)
    uart5_init                               0x08009a11   Thumb Code   206  usartx.o(i.uart5_init)
    usart1_send                              0x08009aed   Thumb Code    12  usartx.o(i.usart1_send)
    usart3_send                              0x08009afd   Thumb Code    14  usartx.o(i.usart3_send)
    usart5_send                              0x08009b11   Thumb Code    12  usartx.o(i.usart5_send)
    uxListRemove                             0x08009b21   Thumb Code    36  list.o(i.uxListRemove)
    vListInitialise                          0x08009b45   Thumb Code    22  list.o(i.vListInitialise)
    vListInitialiseItem                      0x08009b5b   Thumb Code     6  list.o(i.vListInitialiseItem)
    vListInsert                              0x08009b61   Thumb Code    48  list.o(i.vListInsert)
    vListInsertEnd                           0x08009b91   Thumb Code    24  list.o(i.vListInsertEnd)
    vPortEnterCritical                       0x08009ba9   Thumb Code    50  port.o(i.vPortEnterCritical)
    vPortExitCritical                        0x08009c21   Thumb Code    34  port.o(i.vPortExitCritical)
    vPortFree                                0x08009c85   Thumb Code    94  heap_4.o(i.vPortFree)
    vPortSetupTimerInterrupt                 0x08009d21   Thumb Code    26  port.o(i.vPortSetupTimerInterrupt)
    vPortValidateInterruptPriority           0x08009d41   Thumb Code    70  port.o(i.vPortValidateInterruptPriority)
    vQueueAddToRegistry                      0x08009dcd   Thumb Code    32  queue.o(i.vQueueAddToRegistry)
    vQueueWaitForMessageRestricted           0x08009df1   Thumb Code    68  queue.o(i.vQueueWaitForMessageRestricted)
    vTaskDelay                               0x08009e35   Thumb Code    62  tasks.o(i.vTaskDelay)
    vTaskDelayUntil                          0x08009ea1   Thumb Code   128  tasks.o(i.vTaskDelayUntil)
    vTaskDelete                              0x08009f4d   Thumb Code   152  tasks.o(i.vTaskDelete)
    vTaskMissedYield                         0x0800a019   Thumb Code     8  tasks.o(i.vTaskMissedYield)
    vTaskPlaceOnEventList                    0x0800a025   Thumb Code    44  tasks.o(i.vTaskPlaceOnEventList)
    vTaskPlaceOnEventListRestricted          0x0800a079   Thumb Code    52  tasks.o(i.vTaskPlaceOnEventListRestricted)
    vTaskPriorityInherit                     0x0800a0d5   Thumb Code   124  tasks.o(i.vTaskPriorityInherit)
    vTaskSetTimeOutState                     0x0800a159   Thumb Code    30  tasks.o(i.vTaskSetTimeOutState)
    vTaskStartScheduler                      0x0800a1a1   Thumb Code    96  tasks.o(i.vTaskStartScheduler)
    vTaskSuspendAll                          0x0800a235   Thumb Code    10  tasks.o(i.vTaskSuspendAll)
    vTaskSwitchContext                       0x0800a245   Thumb Code    80  tasks.o(i.vTaskSwitchContext)
    xPortStartScheduler                      0x0800a2c1   Thumb Code   196  port.o(i.xPortStartScheduler)
    xPortSysTickHandler                      0x0800a3d5   Thumb Code    38  port.o(i.xPortSysTickHandler)
    xQueueGenericCreate                      0x0800a401   Thumb Code    82  queue.o(i.xQueueGenericCreate)
    xQueueGenericReceive                     0x0800a479   Thumb Code   348  queue.o(i.xQueueGenericReceive)
    xQueueGenericReset                       0x0800a5fd   Thumb Code   128  queue.o(i.xQueueGenericReset)
    xQueueGenericSend                        0x0800a6a5   Thumb Code   350  queue.o(i.xQueueGenericSend)
    xQueueGenericSendFromISR                 0x0800a82d   Thumb Code   188  queue.o(i.xQueueGenericSendFromISR)
    xTaskCheckForTimeOut                     0x0800a90d   Thumb Code    94  tasks.o(i.xTaskCheckForTimeOut)
    xTaskCreate                              0x0800a995   Thumb Code    86  tasks.o(i.xTaskCreate)
    xTaskGetSchedulerState                   0x0800a9ed   Thumb Code    22  tasks.o(i.xTaskGetSchedulerState)
    xTaskGetTickCount                        0x0800aa09   Thumb Code     6  tasks.o(i.xTaskGetTickCount)
    xTaskIncrementTick                       0x0800aa15   Thumb Code   188  tasks.o(i.xTaskIncrementTick)
    xTaskPriorityDisinherit                  0x0800aafd   Thumb Code   136  tasks.o(i.xTaskPriorityDisinherit)
    xTaskRemoveFromEventList                 0x0800abb1   Thumb Code   102  tasks.o(i.xTaskRemoveFromEventList)
    xTaskResumeAll                           0x0800ac49   Thumb Code   180  tasks.o(i.xTaskResumeAll)
    xTimerCreate                             0x0800ad2d   Thumb Code    74  timers.o(i.xTimerCreate)
    xTimerCreateTimerTask                    0x0800ada1   Thumb Code    58  timers.o(i.xTimerCreateTimerTask)
    xTimerGenericCommand                     0x0800ae15   Thumb Code    98  timers.o(i.xTimerGenericCommand)
    __aeabi_dneg                             0x0800aea5   Thumb Code     0  basic.o(x$fpl$basic)
    _dneg                                    0x0800aea5   Thumb Code     6  basic.o(x$fpl$basic)
    __aeabi_fneg                             0x0800aeab   Thumb Code     0  basic.o(x$fpl$basic)
    _fneg                                    0x0800aeab   Thumb Code     6  basic.o(x$fpl$basic)
    _dabs                                    0x0800aeb1   Thumb Code     6  basic.o(x$fpl$basic)
    _fabs                                    0x0800aeb7   Thumb Code     6  basic.o(x$fpl$basic)
    __aeabi_d2f                              0x0800aebd   Thumb Code     0  d2f.o(x$fpl$d2f)
    _d2f                                     0x0800aebd   Thumb Code    98  d2f.o(x$fpl$d2f)
    __aeabi_dadd                             0x0800af21   Thumb Code     0  daddsub_clz.o(x$fpl$dadd)
    _dadd                                    0x0800af21   Thumb Code   332  daddsub_clz.o(x$fpl$dadd)
    __fpl_dcheck_NaN1                        0x0800b071   Thumb Code    10  dcheck1.o(x$fpl$dcheck1)
    __fpl_dcmp_Inf                           0x0800b081   Thumb Code    24  dcmpi.o(x$fpl$dcmpinf)
    __aeabi_ddiv                             0x0800b099   Thumb Code     0  ddiv.o(x$fpl$ddiv)
    _ddiv                                    0x0800b099   Thumb Code   552  ddiv.o(x$fpl$ddiv)
    __aeabi_cdcmpeq                          0x0800b349   Thumb Code     0  deqf.o(x$fpl$deqf)
    _dcmpeq                                  0x0800b349   Thumb Code   120  deqf.o(x$fpl$deqf)
    __aeabi_d2iz                             0x0800b3c1   Thumb Code     0  dfix.o(x$fpl$dfix)
    _dfix                                    0x0800b3c1   Thumb Code    94  dfix.o(x$fpl$dfix)
    __aeabi_i2d                              0x0800b41f   Thumb Code     0  dflt_clz.o(x$fpl$dflt)
    _dflt                                    0x0800b41f   Thumb Code    46  dflt_clz.o(x$fpl$dflt)
    __aeabi_ui2d                             0x0800b44d   Thumb Code     0  dflt_clz.o(x$fpl$dfltu)
    _dfltu                                   0x0800b44d   Thumb Code    38  dflt_clz.o(x$fpl$dfltu)
    __aeabi_cdcmple                          0x0800b475   Thumb Code     0  dleqf.o(x$fpl$dleqf)
    _dcmple                                  0x0800b475   Thumb Code   120  dleqf.o(x$fpl$dleqf)
    __fpl_dcmple_InfNaN                      0x0800b4d7   Thumb Code     0  dleqf.o(x$fpl$dleqf)
    __aeabi_dmul                             0x0800b4ed   Thumb Code     0  dmul.o(x$fpl$dmul)
    _dmul                                    0x0800b4ed   Thumb Code   332  dmul.o(x$fpl$dmul)
    __fpl_dnaninf                            0x0800b641   Thumb Code   156  dnaninf.o(x$fpl$dnaninf)
    __fpl_dretinf                            0x0800b6dd   Thumb Code    12  dretinf.o(x$fpl$dretinf)
    __aeabi_cdrcmple                         0x0800b6e9   Thumb Code     0  drleqf.o(x$fpl$drleqf)
    _drcmple                                 0x0800b6e9   Thumb Code   108  drleqf.o(x$fpl$drleqf)
    __aeabi_drsub                            0x0800b755   Thumb Code     0  daddsub_clz.o(x$fpl$drsb)
    _drsb                                    0x0800b755   Thumb Code    22  daddsub_clz.o(x$fpl$drsb)
    _dsqrt                                   0x0800b76d   Thumb Code   404  dsqrt_umaal.o(x$fpl$dsqrt)
    __aeabi_dsub                             0x0800b905   Thumb Code     0  daddsub_clz.o(x$fpl$dsub)
    _dsub                                    0x0800b905   Thumb Code   464  daddsub_clz.o(x$fpl$dsub)
    __aeabi_f2d                              0x0800bad9   Thumb Code     0  f2d.o(x$fpl$f2d)
    _f2d                                     0x0800bad9   Thumb Code    86  f2d.o(x$fpl$f2d)
    __fpl_fnaninf                            0x0800bb2f   Thumb Code   140  fnaninf.o(x$fpl$fnaninf)
    _fp_init                                 0x0800bbbb   Thumb Code    10  fpinit.o(x$fpl$fpinit)
    __fplib_config_fpu_vfp                   0x0800bbc3   Thumb Code     0  fpinit.o(x$fpl$fpinit)
    __fplib_config_pureend_doubles           0x0800bbc3   Thumb Code     0  fpinit.o(x$fpl$fpinit)
    __fpl_fretinf                            0x0800bbc5   Thumb Code    10  fretinf.o(x$fpl$fretinf)
    __fpl_return_NaN                         0x0800bbcf   Thumb Code   100  retnan.o(x$fpl$retnan)
    __ARM_scalbn                             0x0800bc33   Thumb Code    92  scalbn.o(x$fpl$scalbn)
    __fpl_cmpreturn                          0x0800bc8f   Thumb Code    48  trapv.o(x$fpl$trapveneer)
    __I$use$fp                               0x0800bcbe   Number         0  usenofp.o(x$fpl$usenofp)
    oled_asc2_1206                           0x0800bcbe   Data        1140  oled.o(.constdata)
    oled_asc2_1608                           0x0800c132   Data        1520  oled.o(.constdata)
    Hzk16                                    0x0800c722   Data        2624  oled.o(.constdata)
    hw                                       0x0800d162   Data          12  inv_mpu.o(.constdata)
    reg                                      0x0800d16e   Data          27  inv_mpu.o(.constdata)
    test                                     0x0800d18c   Data          40  inv_mpu.o(.constdata)
    __mathlib_zero                           0x0800ded0   Data           8  qnan.o(.constdata)
    Region$$Table$$Base                      0x0800e000   Number         0  anon$$obj.o(Region$$Table)
    Region$$Table$$Limit                     0x0800e020   Number         0  anon$$obj.o(Region$$Table)
    StartTask_Handler                        0x20000000   Data           4  main.o(.data)
    SystemCoreClock                          0x20000004   Data           4  system_stm32f4xx.o(.data)
    AHBPrescTable                            0x20000008   Data          16  system_stm32f4xx.o(.data)
    Voltage                                  0x20000018   Data           4  adc.o(.data)
    Voltage_All                              0x2000001c   Data           4  adc.o(.data)
    Led_Count                                0x20000034   Data           4  led.o(.data)
    Comd                                     0x2000003c   Data           2  pstwo.o(.data)
    Handkey                                  0x2000003e   Data           2  pstwo.o(.data)
    MASK                                     0x20000044   Data          32  pstwo.o(.data)
    TIM8CH1_CAPTURE_STA                      0x20000064   Data           1  timer.o(.data)
    TIM8CH2_CAPTURE_STA                      0x20000065   Data           1  timer.o(.data)
    TIM8CH3_CAPTURE_STA                      0x20000066   Data           1  timer.o(.data)
    TIM8CH4_CAPTURE_STA                      0x20000067   Data           1  timer.o(.data)
    TIM8CH1_CAPTURE_UPVAL                    0x20000068   Data           2  timer.o(.data)
    TIM8CH1_CAPTURE_DOWNVAL                  0x2000006a   Data           2  timer.o(.data)
    TIM8CH2_CAPTURE_UPVAL                    0x2000006c   Data           2  timer.o(.data)
    TIM8CH2_CAPTURE_DOWNVAL                  0x2000006e   Data           2  timer.o(.data)
    TIM8CH3_CAPTURE_UPVAL                    0x20000070   Data           2  timer.o(.data)
    TIM8CH3_CAPTURE_DOWNVAL                  0x20000072   Data           2  timer.o(.data)
    TIM8CH4_CAPTURE_UPVAL                    0x20000074   Data           2  timer.o(.data)
    TIM8CH4_CAPTURE_DOWNVAL                  0x20000076   Data           2  timer.o(.data)
    Remoter_Ch1                              0x20000078   Data           4  timer.o(.data)
    Remoter_Ch2                              0x2000007c   Data           4  timer.o(.data)
    Remoter_Ch3                              0x20000080   Data           4  timer.o(.data)
    Remoter_Ch4                              0x20000084   Data           4  timer.o(.data)
    L_Remoter_Ch1                            0x20000088   Data           4  timer.o(.data)
    L_Remoter_Ch2                            0x2000008c   Data           4  timer.o(.data)
    L_Remoter_Ch3                            0x20000090   Data           4  timer.o(.data)
    L_Remoter_Ch4                            0x20000094   Data           4  timer.o(.data)
    TIM8_T1                                  0x20000098   Data           4  timer.o(.data)
    TIM8_T2                                  0x2000009c   Data           4  timer.o(.data)
    TIM8_T3                                  0x200000a0   Data           4  timer.o(.data)
    TIM8_T4                                  0x200000a4   Data           4  timer.o(.data)
    __stdout                                 0x200000bc   Data           4  usart.o(.data)
    pxCurrentTCB                             0x200000d0   Data           4  tasks.o(.data)
    Flag_Stop                                0x20000144   Data           1  system.o(.data)
    Car_Mode                                 0x20000145   Data           1  system.o(.data)
    RC_Velocity                              0x20000148   Data           4  system.o(.data)
    Velocity_KP                              0x2000014c   Data           4  system.o(.data)
    Velocity_KI                              0x20000150   Data           4  system.o(.data)
    PS2_ON_Flag                              0x20000154   Data           1  system.o(.data)
    APP_ON_Flag                              0x20000155   Data           1  system.o(.data)
    Remote_ON_Flag                           0x20000156   Data           1  system.o(.data)
    CAN_ON_Flag                              0x20000157   Data           1  system.o(.data)
    Flag_Direction                           0x20000158   Data           1  system.o(.data)
    Check                                    0x2000015c   Data           4  system.o(.data)
    CheckPhrase1                             0x20000160   Data           4  system.o(.data)
    CheckPhrase2                             0x20000164   Data           4  system.o(.data)
    Divisor_Mode                             0x20000168   Data           4  system.o(.data)
    Servo                                    0x2000016c   Data           4  system.o(.data)
    Move_X                                   0x20000170   Data           4  system.o(.data)
    Move_Y                                   0x20000174   Data           4  system.o(.data)
    Move_Z                                   0x20000178   Data           4  system.o(.data)
    Encoder_precision                        0x2000017c   Data           4  system.o(.data)
    Wheel_perimeter                          0x20000180   Data           4  system.o(.data)
    Wheel_spacing                            0x20000184   Data           4  system.o(.data)
    Axle_spacing                             0x20000188   Data           4  system.o(.data)
    Omni_turn_radiaus                        0x2000018c   Data           4  system.o(.data)
    Usart1_ON_Flag                           0x20000190   Data           1  system.o(.data)
    Usart5_ON_Flag                           0x20000191   Data           1  system.o(.data)
    Flag_Left                                0x20000192   Data           1  system.o(.data)
    Flag_Right                               0x20000193   Data           1  system.o(.data)
    Turn_Flag                                0x20000194   Data           1  system.o(.data)
    PID_Send                                 0x20000195   Data           1  system.o(.data)
    PS2_LX                                   0x20000198   Data           4  system.o(.data)
    PS2_LY                                   0x2000019c   Data           4  system.o(.data)
    PS2_RX                                   0x200001a0   Data           4  system.o(.data)
    PS2_RY                                   0x200001a4   Data           4  system.o(.data)
    PS2_KEY                                  0x200001a8   Data           4  system.o(.data)
    Time_count                               0x200001b0   Data           4  balance.o(.data)
    robot_mode_check_flag                    0x200001b4   Data           4  balance.o(.data)
    command_lost_count                       0x200001d0   Data           1  balance.o(.data)
    Buzzer_count                             0x200001d8   Data           4  show.o(.data)
    Voltage_Show                             0x200001e8   Data           4  show.o(.data)
    Deviation_Count                          0x200001ec   Data           4  mpu6050.o(.data)
    yaw                                      0x200001f0   Data           4  mpu6050.o(.data)
    gyro                                     0x200001f4   Data           6  mpu6050.o(.data)
    accel                                    0x200001fa   Data           6  mpu6050.o(.data)
    Deviation_gyro                           0x20000200   Data           6  mpu6050.o(.data)
    Original_gyro                            0x20000206   Data           6  mpu6050.o(.data)
    Deviation_accel                          0x2000020c   Data           6  mpu6050.o(.data)
    Original_accel                           0x20000212   Data           6  mpu6050.o(.data)
    OLED_GRAM                                0x20000250   Data        1024  oled.o(.bss)
    Data                                     0x20000650   Data           9  pstwo.o(.bss)
    Send_Data                                0x2000069a   Data          48  usartx.o(.bss)
    Receive_Data                             0x200006cc   Data          32  usartx.o(.bss)
    xQueueRegistry                           0x200006ec   Data          64  queue.o(.bss)
    MOTOR_A                                  0x20005a38   Data          20  system.o(.bss)
    MOTOR_B                                  0x20005a4c   Data          20  system.o(.bss)
    MOTOR_C                                  0x20005a60   Data          20  system.o(.bss)
    MOTOR_D                                  0x20005a74   Data          20  system.o(.bss)
    OriginalEncoder                          0x20005a88   Data          16  balance.o(.bss)
    Robot_Parament                           0x20005a98   Data          24  robot_select_init.o(.bss)
    __libspace_start                         0x20005ac0   Data          96  libspace.o(.bss)
    __temporary_stack_top$libspace           0x20005b20   Data           0  libspace.o(.bss)



==============================================================================

Memory Map of the image

  Image Entry point : 0x08000189

  Load Region LR_IROM1 (Base: 0x08000000, Size: 0x0000e270, Max: 0x00100000, ABSOLUTE, COMPRESSED[0x0000e08c])

    Execution Region ER_IROM1 (Exec base: 0x08000000, Load base: 0x08000000, Size: 0x0000e020, Max: 0x00100000, ABSOLUTE)

    Exec Addr    Load Addr    Size         Type   Attr      Idx    E Section Name        Object

    0x08000000   0x08000000   0x00000188   Data   RO         1417    RESET               startup_stm32f40_41xxx.o
    0x08000188   0x08000188   0x00000008   Code   RO         5335  * !!!main             c_w.l(__main.o)
    0x08000190   0x08000190   0x00000034   Code   RO         5689    !!!scatter          c_w.l(__scatter.o)
    0x080001c4   0x080001c4   0x0000005a   Code   RO         5687    !!dczerorl2         c_w.l(__dczerorl2.o)
    0x0800021e   0x0800021e   0x00000002   PAD
    0x08000220   0x08000220   0x0000001c   Code   RO         5691    !!handler_zi        c_w.l(__scatter_zi.o)
    0x0800023c   0x0800023c   0x00000000   Code   RO         5320    .ARM.Collect$$_printf_percent$$00000000  c_w.l(_printf_percent.o)
    0x0800023c   0x0800023c   0x00000006   Code   RO         5318    .ARM.Collect$$_printf_percent$$00000009  c_w.l(_printf_d.o)
    0x08000242   0x08000242   0x00000006   Code   RO         5317    .ARM.Collect$$_printf_percent$$00000014  c_w.l(_printf_s.o)
    0x08000248   0x08000248   0x00000004   Code   RO         5428    .ARM.Collect$$_printf_percent$$00000017  c_w.l(_printf_percent_end.o)
    0x0800024c   0x0800024c   0x00000002   Code   RO         5554    .ARM.Collect$$libinit$$00000000  c_w.l(libinit.o)
    0x0800024e   0x0800024e   0x00000004   Code   RO         5563    .ARM.Collect$$libinit$$00000001  c_w.l(libinit2.o)
    0x08000252   0x08000252   0x00000000   Code   RO         5566    .ARM.Collect$$libinit$$00000004  c_w.l(libinit2.o)
    0x08000252   0x08000252   0x00000000   Code   RO         5569    .ARM.Collect$$libinit$$0000000A  c_w.l(libinit2.o)
    0x08000252   0x08000252   0x00000000   Code   RO         5571    .ARM.Collect$$libinit$$0000000C  c_w.l(libinit2.o)
    0x08000252   0x08000252   0x00000000   Code   RO         5573    .ARM.Collect$$libinit$$0000000E  c_w.l(libinit2.o)
    0x08000252   0x08000252   0x00000000   Code   RO         5576    .ARM.Collect$$libinit$$00000011  c_w.l(libinit2.o)
    0x08000252   0x08000252   0x00000000   Code   RO         5578    .ARM.Collect$$libinit$$00000013  c_w.l(libinit2.o)
    0x08000252   0x08000252   0x00000000   Code   RO         5580    .ARM.Collect$$libinit$$00000015  c_w.l(libinit2.o)
    0x08000252   0x08000252   0x00000000   Code   RO         5582    .ARM.Collect$$libinit$$00000017  c_w.l(libinit2.o)
    0x08000252   0x08000252   0x00000000   Code   RO         5584    .ARM.Collect$$libinit$$00000019  c_w.l(libinit2.o)
    0x08000252   0x08000252   0x00000000   Code   RO         5586    .ARM.Collect$$libinit$$0000001B  c_w.l(libinit2.o)
    0x08000252   0x08000252   0x00000000   Code   RO         5588    .ARM.Collect$$libinit$$0000001D  c_w.l(libinit2.o)
    0x08000252   0x08000252   0x00000000   Code   RO         5590    .ARM.Collect$$libinit$$0000001F  c_w.l(libinit2.o)
    0x08000252   0x08000252   0x00000000   Code   RO         5592    .ARM.Collect$$libinit$$00000021  c_w.l(libinit2.o)
    0x08000252   0x08000252   0x00000000   Code   RO         5594    .ARM.Collect$$libinit$$00000023  c_w.l(libinit2.o)
    0x08000252   0x08000252   0x00000000   Code   RO         5596    .ARM.Collect$$libinit$$00000025  c_w.l(libinit2.o)
    0x08000252   0x08000252   0x00000000   Code   RO         5600    .ARM.Collect$$libinit$$0000002C  c_w.l(libinit2.o)
    0x08000252   0x08000252   0x00000000   Code   RO         5602    .ARM.Collect$$libinit$$0000002E  c_w.l(libinit2.o)
    0x08000252   0x08000252   0x00000000   Code   RO         5604    .ARM.Collect$$libinit$$00000030  c_w.l(libinit2.o)
    0x08000252   0x08000252   0x00000000   Code   RO         5606    .ARM.Collect$$libinit$$00000032  c_w.l(libinit2.o)
    0x08000252   0x08000252   0x00000002   Code   RO         5607    .ARM.Collect$$libinit$$00000033  c_w.l(libinit2.o)
    0x08000254   0x08000254   0x00000002   Code   RO         5637    .ARM.Collect$$libshutdown$$00000000  c_w.l(libshutdown.o)
    0x08000256   0x08000256   0x00000000   Code   RO         5651    .ARM.Collect$$libshutdown$$00000002  c_w.l(libshutdown2.o)
    0x08000256   0x08000256   0x00000000   Code   RO         5653    .ARM.Collect$$libshutdown$$00000004  c_w.l(libshutdown2.o)
    0x08000256   0x08000256   0x00000000   Code   RO         5655    .ARM.Collect$$libshutdown$$00000006  c_w.l(libshutdown2.o)
    0x08000256   0x08000256   0x00000000   Code   RO         5658    .ARM.Collect$$libshutdown$$00000009  c_w.l(libshutdown2.o)
    0x08000256   0x08000256   0x00000000   Code   RO         5661    .ARM.Collect$$libshutdown$$0000000C  c_w.l(libshutdown2.o)
    0x08000256   0x08000256   0x00000000   Code   RO         5663    .ARM.Collect$$libshutdown$$0000000E  c_w.l(libshutdown2.o)
    0x08000256   0x08000256   0x00000000   Code   RO         5666    .ARM.Collect$$libshutdown$$00000011  c_w.l(libshutdown2.o)
    0x08000256   0x08000256   0x00000002   Code   RO         5667    .ARM.Collect$$libshutdown$$00000012  c_w.l(libshutdown2.o)
    0x08000258   0x08000258   0x00000000   Code   RO         5413    .ARM.Collect$$rtentry$$00000000  c_w.l(__rtentry.o)
    0x08000258   0x08000258   0x00000000   Code   RO         5499    .ARM.Collect$$rtentry$$00000002  c_w.l(__rtentry2.o)
    0x08000258   0x08000258   0x00000006   Code   RO         5511    .ARM.Collect$$rtentry$$00000004  c_w.l(__rtentry4.o)
    0x0800025e   0x0800025e   0x00000000   Code   RO         5501    .ARM.Collect$$rtentry$$00000009  c_w.l(__rtentry2.o)
    0x0800025e   0x0800025e   0x00000004   Code   RO         5502    .ARM.Collect$$rtentry$$0000000A  c_w.l(__rtentry2.o)
    0x08000262   0x08000262   0x00000000   Code   RO         5504    .ARM.Collect$$rtentry$$0000000C  c_w.l(__rtentry2.o)
    0x08000262   0x08000262   0x00000008   Code   RO         5505    .ARM.Collect$$rtentry$$0000000D  c_w.l(__rtentry2.o)
    0x0800026a   0x0800026a   0x00000002   Code   RO         5557    .ARM.Collect$$rtexit$$00000000  c_w.l(rtexit.o)
    0x0800026c   0x0800026c   0x00000000   Code   RO         5611    .ARM.Collect$$rtexit$$00000002  c_w.l(rtexit2.o)
    0x0800026c   0x0800026c   0x00000004   Code   RO         5612    .ARM.Collect$$rtexit$$00000003  c_w.l(rtexit2.o)
    0x08000270   0x08000270   0x00000006   Code   RO         5613    .ARM.Collect$$rtexit$$00000004  c_w.l(rtexit2.o)
    0x08000276   0x08000276   0x00000002   PAD
    0x08000278   0x08000278   0x000000b6   Code   RO         4125    .emb_text           port.o
    0x0800032e   0x0800032e   0x00000002   PAD
    0x08000330   0x08000330   0x00000040   Code   RO         1418    .text               startup_stm32f40_41xxx.o
    0x08000370   0x08000370   0x00000002   Code   RO         5278    .text               c_w.l(use_no_semi_2.o)
    0x08000372   0x08000372   0x00000048   Code   RO         5280    .text               c_w.l(llsdiv.o)
    0x080003ba   0x080003ba   0x00000002   PAD
    0x080003bc   0x080003bc   0x00000018   Code   RO         5286    .text               c_w.l(noretval__2printf.o)
    0x080003d4   0x080003d4   0x00000068   Code   RO         5290    .text               c_w.l(__printf.o)
    0x0800043c   0x0800043c   0x00000052   Code   RO         5292    .text               c_w.l(_printf_str.o)
    0x0800048e   0x0800048e   0x00000002   PAD
    0x08000490   0x08000490   0x00000078   Code   RO         5294    .text               c_w.l(_printf_dec.o)
    0x08000508   0x08000508   0x00000058   Code   RO         5321    .text               c_w.l(memcmp.o)
    0x08000560   0x08000560   0x0000008a   Code   RO         5327    .text               c_w.l(rt_memcpy_v6.o)
    0x080005ea   0x080005ea   0x00000010   Code   RO         5329    .text               c_w.l(aeabi_memset.o)
    0x080005fa   0x080005fa   0x00000044   Code   RO         5331    .text               c_w.l(rt_memclr.o)
    0x0800063e   0x0800063e   0x00000006   Code   RO         5333    .text               c_w.l(heapauxi.o)
    0x08000644   0x08000644   0x00000002   Code   RO         5411    .text               c_w.l(use_no_semi.o)
    0x08000646   0x08000646   0x000000ee   Code   RO         5414    .text               c_w.l(lludivv7m.o)
    0x08000734   0x08000734   0x00000016   Code   RO         5416    .text               c_w.l(_rserrno.o)
    0x0800074a   0x0800074a   0x000000b2   Code   RO         5418    .text               c_w.l(_printf_intcommon.o)
    0x080007fc   0x080007fc   0x00000030   Code   RO         5420    .text               c_w.l(_printf_char_common.o)
    0x0800082c   0x0800082c   0x0000002c   Code   RO         5424    .text               c_w.l(_printf_char.o)
    0x08000858   0x08000858   0x00000024   Code   RO         5426    .text               c_w.l(_printf_char_file.o)
    0x0800087c   0x0800087c   0x00000064   Code   RO         5429    .text               c_w.l(rt_memcpy_w.o)
    0x080008e0   0x080008e0   0x0000004e   Code   RO         5431    .text               c_w.l(rt_memclr_w.o)
    0x0800092e   0x0800092e   0x00000002   PAD
    0x08000930   0x08000930   0x00000008   Code   RO         5520    .text               c_w.l(rt_errno_addr_intlibspace.o)
    0x08000938   0x08000938   0x00000008   Code   RO         5524    .text               c_w.l(ferror.o)
    0x08000940   0x08000940   0x00000008   Code   RO         5540    .text               c_w.l(libspace.o)
    0x08000948   0x08000948   0x0000004a   Code   RO         5543    .text               c_w.l(sys_stackheap_outer.o)
    0x08000992   0x08000992   0x00000012   Code   RO         5547    .text               c_w.l(exit.o)
    0x080009a4   0x080009a4   0x00000014   Code   RO         2150    i.ADC_Cmd           stm32f4xx_adc.o
    0x080009b8   0x080009b8   0x0000002c   Code   RO         2151    i.ADC_CommonInit    stm32f4xx_adc.o
    0x080009e4   0x080009e4   0x00000006   Code   RO         2162    i.ADC_GetConversionValue  stm32f4xx_adc.o
    0x080009ea   0x080009ea   0x0000000e   Code   RO         2163    i.ADC_GetFlagStatus  stm32f4xx_adc.o
    0x080009f8   0x080009f8   0x0000004c   Code   RO         2170    i.ADC_Init          stm32f4xx_adc.o
    0x08000a44   0x08000a44   0x00000074   Code   RO         2175    i.ADC_RegularChannelConfig  stm32f4xx_adc.o
    0x08000ab8   0x08000ab8   0x0000000a   Code   RO         2177    i.ADC_SoftwareStartConv  stm32f4xx_adc.o
    0x08000ac2   0x08000ac2   0x00000002   PAD
    0x08000ac4   0x08000ac4   0x00000138   Code   RO         4488    i.APP_Show          show.o
    0x08000bfc   0x08000bfc   0x00000080   Code   RO          463    i.Adc_Init          adc.o
    0x08000c7c   0x08000c7c   0x00000080   Code   RO          464    i.Adc_POWER_Init    adc.o
    0x08000cfc   0x08000cfc   0x00000180   Code   RO         4335    i.Balance_task      balance.o
    0x08000e7c   0x08000e7c   0x00000002   Code   RO          269    i.BusFault_Handler  stm32f4xx_it.o
    0x08000e7e   0x08000e7e   0x00000002   PAD
    0x08000e80   0x08000e80   0x00000034   Code   RO          721    i.Buzzer_Init       led.o
    0x08000eb4   0x08000eb4   0x00000198   Code   RO          522    i.CAN1_Mode_Init    can.o
    0x0800104c   0x0800104c   0x000000f8   Code   RO          524    i.CAN1_RX0_IRQHandler  can.o
    0x08001144   0x08001144   0x00000094   Code   RO          526    i.CAN1_Rx_Msg       can.o
    0x080011d8   0x080011d8   0x00000036   Code   RO          529    i.CAN1_Send_Num     can.o
    0x0800120e   0x0800120e   0x00000002   PAD
    0x08001210   0x08001210   0x000000c0   Code   RO          530    i.CAN1_Tx_Msg       can.o
    0x080012d0   0x080012d0   0x00000064   Code   RO          531    i.CAN1_Tx_Staus     can.o
    0x08001334   0x08001334   0x00000010   Code   RO         2398    i.CAN_ITConfig      stm32f4xx_can.o
    0x08001344   0x08001344   0x00000058   Code   RO         1078    i.CAN_SEND          usartx.o
    0x0800139c   0x0800139c   0x00000038   Code   RO         1079    i.Check_Sum         usartx.o
    0x080013d4   0x080013d4   0x00000002   Code   RO          270    i.DebugMon_Handler  stm32f4xx_it.o
    0x080013d6   0x080013d6   0x00000002   PAD
    0x080013d8   0x080013d8   0x00000258   Code   RO         4336    i.Drive_Motor       balance.o
    0x08001630   0x08001630   0x00000030   Code   RO          765    i.Enable_Pin        motor.o
    0x08001660   0x08001660   0x000000dc   Code   RO          596    i.Encoder_Init_TIM2  encoder.o
    0x0800173c   0x0800173c   0x000000bc   Code   RO          597    i.Encoder_Init_TIM3  encoder.o
    0x080017f8   0x080017f8   0x000000bc   Code   RO          598    i.Encoder_Init_TIM4  encoder.o
    0x080018b4   0x080018b4   0x000000bc   Code   RO          599    i.Encoder_Init_TIM5  encoder.o
    0x08001970   0x08001970   0x00000078   Code   RO         1469    i.GPIO_Init         stm32f4xx_gpio.o
    0x080019e8   0x080019e8   0x00000020   Code   RO         1470    i.GPIO_PinAFConfig  stm32f4xx_gpio.o
    0x08001a08   0x08001a08   0x00000004   Code   RO         1477    i.GPIO_SetBits      stm32f4xx_gpio.o
    0x08001a0c   0x08001a0c   0x00000030   Code   RO          465    i.Get_Adc           adc.o
    0x08001a3c   0x08001a3c   0x00000030   Code   RO          466    i.Get_Adc2          adc.o
    0x08001a6c   0x08001a6c   0x00000138   Code   RO         4337    i.Get_RC            balance.o
    0x08001ba4   0x08001ba4   0x000000dc   Code   RO         4338    i.Get_Velocity_Form_Encoder  balance.o
    0x08001c80   0x08001c80   0x0000002e   Code   RO          467    i.Get_adc_Average   adc.o
    0x08001cae   0x08001cae   0x00000002   PAD
    0x08001cb0   0x08001cb0   0x00000068   Code   RO          468    i.Get_battery_volt  adc.o
    0x08001d18   0x08001d18   0x00000002   Code   RO          271    i.HardFault_Handler  stm32f4xx_it.o
    0x08001d1a   0x08001d1a   0x00000002   PAD
    0x08001d1c   0x08001d1c   0x00000040   Code   RO         4656    i.I2C_Ack           i2c.o
    0x08001d5c   0x08001d5c   0x00000044   Code   RO         4657    i.I2C_GPIOInit      i2c.o
    0x08001da0   0x08001da0   0x00000040   Code   RO         4658    i.I2C_NAck          i2c.o
    0x08001de0   0x08001de0   0x00000064   Code   RO         4659    i.I2C_ReadBuff      i2c.o
    0x08001e44   0x08001e44   0x00000070   Code   RO         4660    i.I2C_ReadByte      i2c.o
    0x08001eb4   0x08001eb4   0x0000003e   Code   RO         4661    i.I2C_ReadOneByte   i2c.o
    0x08001ef2   0x08001ef2   0x00000002   PAD
    0x08001ef4   0x08001ef4   0x00000050   Code   RO         4662    i.I2C_Start         i2c.o
    0x08001f44   0x08001f44   0x00000040   Code   RO         4663    i.I2C_Stop          i2c.o
    0x08001f84   0x08001f84   0x00000054   Code   RO         4664    i.I2C_WaiteForAck   i2c.o
    0x08001fd8   0x08001fd8   0x0000004a   Code   RO         4665    i.I2C_WriteBits     i2c.o
    0x08002022   0x08002022   0x0000004c   Code   RO         4666    i.I2C_WriteBuff     i2c.o
    0x0800206e   0x0800206e   0x00000002   PAD
    0x08002070   0x08002070   0x00000060   Code   RO         4667    i.I2C_WriteByte     i2c.o
    0x080020d0   0x080020d0   0x00000032   Code   RO         4669    i.I2C_WriteOneByte  i2c.o
    0x08002102   0x08002102   0x00000002   PAD
    0x08002104   0x08002104   0x0000007c   Code   RO         4339    i.Incremental_PI_A  balance.o
    0x08002180   0x08002180   0x0000007c   Code   RO         4340    i.Incremental_PI_B  balance.o
    0x080021fc   0x080021fc   0x0000002c   Code   RO          671    i.KEY_Init          key.o
    0x08002228   0x08002228   0x00000038   Code   RO         4341    i.Key               balance.o
    0x08002260   0x08002260   0x00000040   Code   RO          722    i.LED_Init          led.o
    0x080022a0   0x080022a0   0x0000004c   Code   RO         4342    i.Limit_Pwm         balance.o
    0x080022ec   0x080022ec   0x000000d4   Code   RO         4758    i.MPU6050_DMP_Get_Data  inv_mpu.o
    0x080023c0   0x080023c0   0x00000048   Code   RO         4759    i.MPU6050_DMP_Init  inv_mpu.o
    0x08002408   0x08002408   0x00000032   Code   RO         4526    i.MPU6050_Set_LPF   mpu6050.o
    0x0800243a   0x0800243a   0x00000030   Code   RO         4527    i.MPU6050_Set_Rate  mpu6050.o
    0x0800246a   0x0800246a   0x00000084   Code   RO         4529    i.MPU6050_initialize  mpu6050.o
    0x080024ee   0x080024ee   0x00000012   Code   RO         4532    i.MPU6050_setFullScaleAccelRange  mpu6050.o
    0x08002500   0x08002500   0x00000012   Code   RO         4533    i.MPU6050_setFullScaleGyroRange  mpu6050.o
    0x08002512   0x08002512   0x00000002   PAD
    0x08002514   0x08002514   0x00000048   Code   RO         4537    i.MPU6050_task      mpu6050.o
    0x0800255c   0x0800255c   0x00000088   Code   RO         4539    i.MPU_Get_Accelscope  mpu6050.o
    0x080025e4   0x080025e4   0x000000a8   Code   RO         4540    i.MPU_Get_Gyroscope  mpu6050.o
    0x0800268c   0x0800268c   0x00000002   Code   RO          272    i.MemManage_Handler  stm32f4xx_it.o
    0x0800268e   0x0800268e   0x00000002   Code   RO          273    i.NMI_Handler       stm32f4xx_it.o
    0x08002690   0x08002690   0x00000064   Code   RO         1424    i.NVIC_Init         misc.o
    0x080026f4   0x080026f4   0x00000014   Code   RO         1425    i.NVIC_PriorityGroupConfig  misc.o
    0x08002708   0x08002708   0x0000002c   Code   RO          809    i.OLED_Clear        oled.o
    0x08002734   0x08002734   0x0000003c   Code   RO          812    i.OLED_DrawPoint    oled.o
    0x08002770   0x08002770   0x00000130   Code   RO          813    i.OLED_Init         oled.o
    0x080028a0   0x080028a0   0x00000048   Code   RO          814    i.OLED_Refresh_Gram  oled.o
    0x080028e8   0x080028e8   0x00000084   Code   RO          817    i.OLED_ShowChar     oled.o
    0x0800296c   0x0800296c   0x00000078   Code   RO          818    i.OLED_ShowNumber   oled.o
    0x080029e4   0x080029e4   0x0000003e   Code   RO          819    i.OLED_ShowString   oled.o
    0x08002a22   0x08002a22   0x00000002   PAD
    0x08002a24   0x08002a24   0x00000044   Code   RO          820    i.OLED_WR_Byte      oled.o
    0x08002a68   0x08002a68   0x00000018   Code   RO          907    i.PS2_ClearData     pstwo.o
    0x08002a80   0x08002a80   0x00000084   Code   RO          908    i.PS2_Cmd           pstwo.o
    0x08002b04   0x08002b04   0x00000040   Code   RO          909    i.PS2_DataKey       pstwo.o
    0x08002b44   0x08002b44   0x0000005c   Code   RO          910    i.PS2_EnterConfing  pstwo.o
    0x08002ba0   0x08002ba0   0x0000005c   Code   RO          911    i.PS2_ExitConfing   pstwo.o
    0x08002bfc   0x08002bfc   0x00000054   Code   RO          912    i.PS2_Init          pstwo.o
    0x08002c50   0x08002c50   0x000000e4   Code   RO          913    i.PS2_Read          pstwo.o
    0x08002d34   0x08002d34   0x000000a8   Code   RO          914    i.PS2_ReadData      pstwo.o
    0x08002ddc   0x08002ddc   0x0000001e   Code   RO          917    i.PS2_SetInit       pstwo.o
    0x08002dfa   0x08002dfa   0x00000002   PAD
    0x08002dfc   0x08002dfc   0x00000044   Code   RO          918    i.PS2_ShortPoll     pstwo.o
    0x08002e40   0x08002e40   0x00000058   Code   RO          919    i.PS2_TurnOnAnalogMode  pstwo.o
    0x08002e98   0x08002e98   0x0000019c   Code   RO         4343    i.PS2_control       balance.o
    0x08003034   0x08003034   0x0000000c   Code   RO         3096    i.PWR_BackupAccessCmd  stm32f4xx_pwr.o
    0x08003040   0x08003040   0x00000018   Code   RO         1566    i.RCC_AHB1PeriphClockCmd  stm32f4xx_rcc.o
    0x08003058   0x08003058   0x00000018   Code   RO         1575    i.RCC_APB1PeriphClockCmd  stm32f4xx_rcc.o
    0x08003070   0x08003070   0x00000018   Code   RO         1578    i.RCC_APB2PeriphClockCmd  stm32f4xx_rcc.o
    0x08003088   0x08003088   0x00000018   Code   RO         1580    i.RCC_APB2PeriphResetCmd  stm32f4xx_rcc.o
    0x080030a0   0x080030a0   0x00000090   Code   RO         1587    i.RCC_GetClocksFreq  stm32f4xx_rcc.o
    0x08003130   0x08003130   0x0000001c   Code   RO         1596    i.RCC_LSEConfig     stm32f4xx_rcc.o
    0x0800314c   0x0800314c   0x00000040   Code   RO          600    i.Read_Encoder      encoder.o
    0x0800318c   0x0800318c   0x000001c8   Code   RO         4344    i.Remote_Control    balance.o
    0x08003354   0x08003354   0x00000098   Code   RO         4459    i.Robot_Init        robot_select_init.o
    0x080033ec   0x080033ec   0x000000a0   Code   RO         4460    i.Robot_Select      robot_select_init.o
    0x0800348c   0x0800348c   0x000000b4   Code   RO          426    i.SetSysClock       system_stm32f4xx.o
    0x08003540   0x08003540   0x00000074   Code   RO         4345    i.Set_Pwm           balance.o
    0x080035b4   0x080035b4   0x00000018   Code   RO         1428    i.SysTick_CLKSourceConfig  misc.o
    0x080035cc   0x080035cc   0x00000014   Code   RO         1233    i.SysTick_Handler   delay.o
    0x080035e0   0x080035e0   0x0000005c   Code   RO          428    i.SystemInit        system_stm32f4xx.o
    0x0800363c   0x0800363c   0x0000002e   Code   RO         2549    i.TI1_Config        stm32f4xx_tim.o
    0x0800366a   0x0800366a   0x00000036   Code   RO         2550    i.TI2_Config        stm32f4xx_tim.o
    0x080036a0   0x080036a0   0x000000a0   Code   RO          766    i.TIM10_PWM_Init    motor.o
    0x08003740   0x08003740   0x000000a8   Code   RO          767    i.TIM11_PWM_Init    motor.o
    0x080037e8   0x080037e8   0x000000d0   Code   RO         1028    i.TIM12_SERVO_Init  timer.o
    0x080038b8   0x080038b8   0x000000f8   Code   RO          768    i.TIM1_PWM_Init     motor.o
    0x080039b0   0x080039b0   0x00000010   Code   RO          601    i.TIM2_IRQHandler   encoder.o
    0x080039c0   0x080039c0   0x00000014   Code   RO          602    i.TIM3_IRQHandler   encoder.o
    0x080039d4   0x080039d4   0x00000014   Code   RO          603    i.TIM4_IRQHandler   encoder.o
    0x080039e8   0x080039e8   0x00000014   Code   RO          604    i.TIM5_IRQHandler   encoder.o
    0x080039fc   0x080039fc   0x00000014   Code   RO          605    i.TIM8_BRK_TIM12_IRQHandler  encoder.o
    0x08003a10   0x08003a10   0x00000264   Code   RO         1029    i.TIM8_CC_IRQHandler  timer.o
    0x08003c74   0x08003c74   0x0000013c   Code   RO         1030    i.TIM8_Cap_Init     timer.o
    0x08003db0   0x08003db0   0x00000010   Code   RO         1032    i.TIM8_UP_TIM13_IRQHandler  timer.o
    0x08003dc0   0x08003dc0   0x000000b8   Code   RO          769    i.TIM9_PWM_Init     motor.o
    0x08003e78   0x08003e78   0x00000014   Code   RO         2551    i.TIM_ARRPreloadConfig  stm32f4xx_tim.o
    0x08003e8c   0x08003e8c   0x00000006   Code   RO         2557    i.TIM_ClearFlag     stm32f4xx_tim.o
    0x08003e92   0x08003e92   0x00000006   Code   RO         2558    i.TIM_ClearITPendingBit  stm32f4xx_tim.o
    0x08003e98   0x08003e98   0x00000014   Code   RO         2563    i.TIM_Cmd           stm32f4xx_tim.o
    0x08003eac   0x08003eac   0x00000016   Code   RO         2565    i.TIM_CtrlPWMOutputs  stm32f4xx_tim.o
    0x08003ec2   0x08003ec2   0x00000032   Code   RO         2572    i.TIM_EncoderInterfaceConfig  stm32f4xx_tim.o
    0x08003ef4   0x08003ef4   0x00000004   Code   RO         2578    i.TIM_GetCapture1   stm32f4xx_tim.o
    0x08003ef8   0x08003ef8   0x00000004   Code   RO         2579    i.TIM_GetCapture2   stm32f4xx_tim.o
    0x08003efc   0x08003efc   0x00000004   Code   RO         2580    i.TIM_GetCapture3   stm32f4xx_tim.o
    0x08003f00   0x08003f00   0x00000004   Code   RO         2581    i.TIM_GetCapture4   stm32f4xx_tim.o
    0x08003f04   0x08003f04   0x00000018   Code   RO         2584    i.TIM_GetITStatus   stm32f4xx_tim.o
    0x08003f1c   0x08003f1c   0x000000ac   Code   RO         2586    i.TIM_ICInit        stm32f4xx_tim.o
    0x08003fc8   0x08003fc8   0x00000010   Code   RO         2587    i.TIM_ICStructInit  stm32f4xx_tim.o
    0x08003fd8   0x08003fd8   0x00000010   Code   RO         2588    i.TIM_ITConfig      stm32f4xx_tim.o
    0x08003fe8   0x08003fe8   0x00000060   Code   RO         2592    i.TIM_OC1Init       stm32f4xx_tim.o
    0x08004048   0x08004048   0x0000000c   Code   RO         2594    i.TIM_OC1PolarityConfig  stm32f4xx_tim.o
    0x08004054   0x08004054   0x0000000c   Code   RO         2595    i.TIM_OC1PreloadConfig  stm32f4xx_tim.o
    0x08004060   0x08004060   0x00000080   Code   RO         2597    i.TIM_OC2Init       stm32f4xx_tim.o
    0x080040e0   0x080040e0   0x00000014   Code   RO         2599    i.TIM_OC2PolarityConfig  stm32f4xx_tim.o
    0x080040f4   0x080040f4   0x00000014   Code   RO         2600    i.TIM_OC2PreloadConfig  stm32f4xx_tim.o
    0x08004108   0x08004108   0x0000007c   Code   RO         2602    i.TIM_OC3Init       stm32f4xx_tim.o
    0x08004184   0x08004184   0x00000014   Code   RO         2604    i.TIM_OC3PolarityConfig  stm32f4xx_tim.o
    0x08004198   0x08004198   0x0000000c   Code   RO         2605    i.TIM_OC3PreloadConfig  stm32f4xx_tim.o
    0x080041a4   0x080041a4   0x00000060   Code   RO         2607    i.TIM_OC4Init       stm32f4xx_tim.o
    0x08004204   0x08004204   0x00000014   Code   RO         2608    i.TIM_OC4PolarityConfig  stm32f4xx_tim.o
    0x08004218   0x08004218   0x00000014   Code   RO         2609    i.TIM_OC4PreloadConfig  stm32f4xx_tim.o
    0x0800422c   0x0800422c   0x00000004   Code   RO         2629    i.TIM_SetCounter    stm32f4xx_tim.o
    0x08004230   0x08004230   0x00000010   Code   RO         2630    i.TIM_SetIC1Prescaler  stm32f4xx_tim.o
    0x08004240   0x08004240   0x00000018   Code   RO         2631    i.TIM_SetIC2Prescaler  stm32f4xx_tim.o
    0x08004258   0x08004258   0x00000010   Code   RO         2632    i.TIM_SetIC3Prescaler  stm32f4xx_tim.o
    0x08004268   0x08004268   0x00000018   Code   RO         2633    i.TIM_SetIC4Prescaler  stm32f4xx_tim.o
    0x08004280   0x08004280   0x0000007c   Code   RO         2635    i.TIM_TimeBaseInit  stm32f4xx_tim.o
    0x080042fc   0x080042fc   0x00000012   Code   RO         2636    i.TIM_TimeBaseStructInit  stm32f4xx_tim.o
    0x0800430e   0x0800430e   0x00000002   PAD
    0x08004310   0x08004310   0x00000050   Code   RO         4346    i.Turn_Off          balance.o
    0x08004360   0x08004360   0x000000f8   Code   RO         1080    i.UART5_IRQHandler  usartx.o
    0x08004458   0x08004458   0x00000108   Code   RO         1081    i.USART1_IRQHandler  usartx.o
    0x08004560   0x08004560   0x0000001c   Code   RO         1082    i.USART1_SEND       usartx.o
    0x0800457c   0x0800457c   0x00000234   Code   RO         1083    i.USART2_IRQHandler  usartx.o
    0x080047b0   0x080047b0   0x00000100   Code   RO         1084    i.USART3_IRQHandler  usartx.o
    0x080048b0   0x080048b0   0x0000001c   Code   RO         1085    i.USART3_SEND       usartx.o
    0x080048cc   0x080048cc   0x0000001c   Code   RO         1086    i.USART5_SEND       usartx.o
    0x080048e8   0x080048e8   0x00000014   Code   RO         1960    i.USART_Cmd         stm32f4xx_usart.o
    0x080048fc   0x080048fc   0x0000003e   Code   RO         1964    i.USART_GetITStatus  stm32f4xx_usart.o
    0x0800493a   0x0800493a   0x00000030   Code   RO         1966    i.USART_ITConfig    stm32f4xx_usart.o
    0x0800496a   0x0800496a   0x00000002   PAD
    0x0800496c   0x0800496c   0x000000ac   Code   RO         1967    i.USART_Init        stm32f4xx_usart.o
    0x08004a18   0x08004a18   0x00000008   Code   RO         1974    i.USART_ReceiveData  stm32f4xx_usart.o
    0x08004a20   0x08004a20   0x00000002   Code   RO          274    i.UsageFault_Handler  stm32f4xx_it.o
    0x08004a22   0x08004a22   0x00000002   PAD
    0x08004a24   0x08004a24   0x000000ac   Code   RO         1087    i.Vz_to_Akm_Angle   usartx.o
    0x08004ad0   0x08004ad0   0x00000054   Code   RO         1088    i.XYZ_Target_Speed_transition  usartx.o
    0x08004b24   0x08004b24   0x00000030   Code   RO         5470    i.__ARM_fpclassify  m_wm.l(fpclassify.o)
    0x08004b54   0x08004b54   0x00000004   PAD
    0x08004b58   0x08004b58   0x000002d8   Code   RO         5359    i.__hardfp_atan     m_wm.l(atan.o)
    0x08004e30   0x08004e30   0x00000200   Code   RO         5373    i.__hardfp_atan2    m_wm.l(atan2.o)
    0x08005030   0x08005030   0x00000c50   Code   RO         5385    i.__hardfp_pow      m_wm.l(pow.o)
    0x08005c80   0x08005c80   0x00000080   Code   RO         5399    i.__hardfp_tan      m_wm.l(tan.o)
    0x08005d00   0x08005d00   0x00000438   Code   RO         5475    i.__ieee754_rem_pio2  m_wm.l(rred.o)
    0x08006138   0x08006138   0x000000f8   Code   RO         5472    i.__kernel_poly     m_wm.l(poly.o)
    0x08006230   0x08006230   0x00000350   Code   RO         5492    i.__kernel_tan      m_wm.l(tan_i.o)
    0x08006580   0x08006580   0x00000030   Code   RO         5450    i.__mathlib_dbl_divzero  m_wm.l(dunder.o)
    0x080065b0   0x080065b0   0x00000014   Code   RO         5451    i.__mathlib_dbl_infnan  m_wm.l(dunder.o)
    0x080065c4   0x080065c4   0x00000014   Code   RO         5452    i.__mathlib_dbl_infnan2  m_wm.l(dunder.o)
    0x080065d8   0x080065d8   0x00000020   Code   RO         5453    i.__mathlib_dbl_invalid  m_wm.l(dunder.o)
    0x080065f8   0x080065f8   0x00000020   Code   RO         5454    i.__mathlib_dbl_overflow  m_wm.l(dunder.o)
    0x08006618   0x08006618   0x00000020   Code   RO         5456    i.__mathlib_dbl_underflow  m_wm.l(dunder.o)
    0x08006638   0x08006638   0x00000002   Code   RO         1370    i._sys_exit         usart.o
    0x0800663a   0x0800663a   0x00000002   PAD
    0x0800663c   0x0800663c   0x00000090   Code   RO         4760    i.accel_self_test   inv_mpu.o
    0x080066cc   0x080066cc   0x00000010   Code   RO         5361    i.atan              m_wm.l(atan.o)
    0x080066dc   0x080066dc   0x0000008c   Code   RO          675    i.click_N_Double_MPU6050  key.o
    0x08006768   0x08006768   0x00000026   Code   RO         1089    i.data_task         usartx.o
    0x0800678e   0x0800678e   0x00000002   PAD
    0x08006790   0x08006790   0x00000144   Code   RO         1090    i.data_transition   usartx.o
    0x080068d4   0x080068d4   0x00000038   Code   RO         1234    i.delay_init        delay.o
    0x0800690c   0x0800690c   0x00000038   Code   RO         1235    i.delay_ms          delay.o
    0x08006944   0x08006944   0x00000034   Code   RO         1236    i.delay_us          delay.o
    0x08006978   0x08006978   0x0000003a   Code   RO         5096    i.dmp_enable_6x_lp_quat  inv_mpu_dmp_motion_driver.o
    0x080069b2   0x080069b2   0x00000002   PAD
    0x080069b4   0x080069b4   0x000001dc   Code   RO         5097    i.dmp_enable_feature  inv_mpu_dmp_motion_driver.o
    0x08006b90   0x08006b90   0x00000038   Code   RO         5098    i.dmp_enable_gyro_cal  inv_mpu_dmp_motion_driver.o
    0x08006bc8   0x08006bc8   0x0000003a   Code   RO         5099    i.dmp_enable_lp_quat  inv_mpu_dmp_motion_driver.o
    0x08006c02   0x08006c02   0x00000002   PAD
    0x08006c04   0x08006c04   0x00000014   Code   RO         5104    i.dmp_load_motion_driver_firmware  inv_mpu_dmp_motion_driver.o
    0x08006c18   0x08006c18   0x00000168   Code   RO         5105    i.dmp_read_fifo     inv_mpu_dmp_motion_driver.o
    0x08006d80   0x08006d80   0x000000d8   Code   RO         5108    i.dmp_set_accel_bias  inv_mpu_dmp_motion_driver.o
    0x08006e58   0x08006e58   0x00000064   Code   RO         5109    i.dmp_set_fifo_rate  inv_mpu_dmp_motion_driver.o
    0x08006ebc   0x08006ebc   0x000000cc   Code   RO         5110    i.dmp_set_gyro_bias  inv_mpu_dmp_motion_driver.o
    0x08006f88   0x08006f88   0x0000010c   Code   RO         5112    i.dmp_set_orientation  inv_mpu_dmp_motion_driver.o
    0x08007094   0x08007094   0x00000030   Code   RO         5115    i.dmp_set_shake_reject_thresh  inv_mpu_dmp_motion_driver.o
    0x080070c4   0x080070c4   0x00000020   Code   RO         5116    i.dmp_set_shake_reject_time  inv_mpu_dmp_motion_driver.o
    0x080070e4   0x080070e4   0x00000020   Code   RO         5117    i.dmp_set_shake_reject_timeout  inv_mpu_dmp_motion_driver.o
    0x08007104   0x08007104   0x00000040   Code   RO         5118    i.dmp_set_tap_axes  inv_mpu_dmp_motion_driver.o
    0x08007144   0x08007144   0x00000022   Code   RO         5119    i.dmp_set_tap_count  inv_mpu_dmp_motion_driver.o
    0x08007166   0x08007166   0x00000002   PAD
    0x08007168   0x08007168   0x00000160   Code   RO         5120    i.dmp_set_tap_thresh  inv_mpu_dmp_motion_driver.o
    0x080072c8   0x080072c8   0x00000020   Code   RO         5121    i.dmp_set_tap_time  inv_mpu_dmp_motion_driver.o
    0x080072e8   0x080072e8   0x00000020   Code   RO         5122    i.dmp_set_tap_time_multi  inv_mpu_dmp_motion_driver.o
    0x08007308   0x08007308   0x00000018   Code   RO         5466    i.fabs              m_wm.l(fabs.o)
    0x08007320   0x08007320   0x00000010   Code   RO         4347    i.float_abs         balance.o
    0x08007330   0x08007330   0x00000018   Code   RO         1371    i.fputc             usart.o
    0x08007348   0x08007348   0x0000001c   Code   RO         1238    i.getSysTickCnt     delay.o
    0x08007364   0x08007364   0x000000b4   Code   RO         4761    i.get_accel_prod_shift  inv_mpu.o
    0x08007418   0x08007418   0x00000314   Code   RO         4762    i.get_st_biases     inv_mpu.o
    0x0800772c   0x0800772c   0x000000d4   Code   RO         4763    i.gyro_self_test    inv_mpu.o
    0x08007800   0x08007800   0x00000022   Code   RO         4764    i.inv_orientation_matrix_to_scalar  inv_mpu.o
    0x08007822   0x08007822   0x00000048   Code   RO         4765    i.inv_row_2_scale   inv_mpu.o
    0x0800786a   0x0800786a   0x00000002   PAD
    0x0800786c   0x0800786c   0x00000020   Code   RO          724    i.led_task          led.o
    0x0800788c   0x0800788c   0x00000038   Code   RO            3    i.main              main.o
    0x080078c4   0x080078c4   0x00000058   Code   RO         4766    i.mpu_configure_fifo  inv_mpu.o
    0x0800791c   0x0800791c   0x0000003c   Code   RO         4767    i.mpu_get_accel_fsr  inv_mpu.o
    0x08007958   0x08007958   0x00000044   Code   RO         4769    i.mpu_get_accel_sens  inv_mpu.o
    0x0800799c   0x0800799c   0x00000034   Code   RO         4775    i.mpu_get_gyro_fsr  inv_mpu.o
    0x080079d0   0x080079d0   0x0000004c   Code   RO         4777    i.mpu_get_gyro_sens  inv_mpu.o
    0x08007a1c   0x08007a1c   0x00000038   Code   RO         4779    i.mpu_get_lpf       inv_mpu.o
    0x08007a54   0x08007a54   0x0000001c   Code   RO         4781    i.mpu_get_sample_rate  inv_mpu.o
    0x08007a70   0x08007a70   0x00000124   Code   RO         4783    i.mpu_init          inv_mpu.o
    0x08007b94   0x08007b94   0x000000a4   Code   RO         4784    i.mpu_load_firmware  inv_mpu.o
    0x08007c38   0x08007c38   0x000000b8   Code   RO         4785    i.mpu_lp_accel_mode  inv_mpu.o
    0x08007cf0   0x08007cf0   0x00000090   Code   RO         4788    i.mpu_read_fifo_stream  inv_mpu.o
    0x08007d80   0x08007d80   0x00000054   Code   RO         4789    i.mpu_read_mem      inv_mpu.o
    0x08007dd4   0x08007dd4   0x0000015c   Code   RO         4792    i.mpu_reset_fifo    inv_mpu.o
    0x08007f30   0x08007f30   0x000000f0   Code   RO         4793    i.mpu_run_self_test  inv_mpu.o
    0x08008020   0x08008020   0x00000068   Code   RO         4795    i.mpu_set_accel_fsr  inv_mpu.o
    0x08008088   0x08008088   0x000000dc   Code   RO         4796    i.mpu_set_bypass    inv_mpu.o
    0x08008164   0x08008164   0x00000078   Code   RO         4798    i.mpu_set_dmp_state  inv_mpu.o
    0x080081dc   0x080081dc   0x0000006c   Code   RO         4799    i.mpu_set_gyro_fsr  inv_mpu.o
    0x08008248   0x08008248   0x00000064   Code   RO         4800    i.mpu_set_int_latched  inv_mpu.o
    0x080082ac   0x080082ac   0x0000006c   Code   RO         4802    i.mpu_set_lpf       inv_mpu.o
    0x08008318   0x08008318   0x00000078   Code   RO         4803    i.mpu_set_sample_rate  inv_mpu.o
    0x08008390   0x08008390   0x000000b8   Code   RO         4804    i.mpu_set_sensors   inv_mpu.o
    0x08008448   0x08008448   0x00000054   Code   RO         4805    i.mpu_write_mem     inv_mpu.o
    0x0800849c   0x0800849c   0x00000010   Code   RO          821    i.oled_pow          oled.o
    0x080084ac   0x080084ac   0x0000053c   Code   RO         4489    i.oled_show         show.o
    0x080089e8   0x080089e8   0x00000070   Code   RO         3644    i.prvAddCurrentTaskToDelayedList  tasks.o
    0x08008a58   0x08008a58   0x000000d0   Code   RO         3645    i.prvAddNewTaskToReadyList  tasks.o
    0x08008b28   0x08008b28   0x00000050   Code   RO         3997    i.prvCheckForValidListAndQueue  timers.o
    0x08008b78   0x08008b78   0x00000054   Code   RO         3646    i.prvCheckTasksWaitingTermination  tasks.o
    0x08008bcc   0x08008bcc   0x00000026   Code   RO         3418    i.prvCopyDataFromQueue  queue.o
    0x08008bf2   0x08008bf2   0x0000006c   Code   RO         3419    i.prvCopyDataToQueue  queue.o
    0x08008c5e   0x08008c5e   0x00000014   Code   RO         3647    i.prvDeleteTCB      tasks.o
    0x08008c72   0x08008c72   0x00000002   PAD
    0x08008c74   0x08008c74   0x0000004c   Code   RO         4210    i.prvHeapInit       heap_4.o
    0x08008cc0   0x08008cc0   0x00000028   Code   RO         3648    i.prvIdleTask       tasks.o
    0x08008ce8   0x08008ce8   0x000000c0   Code   RO         3649    i.prvInitialiseNewTask  tasks.o
    0x08008da8   0x08008da8   0x0000004c   Code   RO         4211    i.prvInsertBlockIntoFreeList  heap_4.o
    0x08008df4   0x08008df4   0x00000038   Code   RO         3998    i.prvInsertTimerInActiveList  timers.o
    0x08008e2c   0x08008e2c   0x0000001a   Code   RO         3420    i.prvIsQueueEmpty   queue.o
    0x08008e46   0x08008e46   0x00000002   PAD
    0x08008e48   0x08008e48   0x00000090   Code   RO         3421    i.prvNotifyQueueSetContainer  queue.o
    0x08008ed8   0x08008ed8   0x00000060   Code   RO         3999    i.prvProcessExpiredTimer  timers.o
    0x08008f38   0x08008f38   0x000000f0   Code   RO         4000    i.prvProcessReceivedCommands  timers.o
    0x08009028   0x08009028   0x0000006c   Code   RO         4001    i.prvProcessTimerOrBlockTask  timers.o
    0x08009094   0x08009094   0x00000020   Code   RO         3651    i.prvResetNextTaskUnblockTime  tasks.o
    0x080090b4   0x080090b4   0x00000028   Code   RO         4002    i.prvSampleTimeNow  timers.o
    0x080090dc   0x080090dc   0x0000006c   Code   RO         4003    i.prvSwitchTimerLists  timers.o
    0x08009148   0x08009148   0x00000064   Code   RO         4126    i.prvTaskExitError  port.o
    0x080091ac   0x080091ac   0x00000028   Code   RO         4004    i.prvTimerTask      timers.o
    0x080091d4   0x080091d4   0x00000078   Code   RO         3422    i.prvUnlockQueue    queue.o
    0x0800924c   0x0800924c   0x00000016   Code   RO          922    i.pstwo_task        pstwo.o
    0x08009262   0x08009262   0x00000002   PAD
    0x08009264   0x08009264   0x00000114   Code   RO         4212    i.pvPortMalloc      heap_4.o
    0x08009378   0x08009378   0x00000018   Code   RO         3653    i.pvTaskIncrementMutexHeldCount  tasks.o
    0x08009390   0x08009390   0x0000002c   Code   RO         4127    i.pxPortInitialiseStack  port.o
    0x080093bc   0x080093bc   0x00000088   Code   RO         4806    i.run_self_test     inv_mpu.o
    0x08009444   0x08009444   0x00000054   Code   RO         4807    i.set_int_enable    inv_mpu.o
    0x08009498   0x08009498   0x00000128   Code   RO         4490    i.show_task         show.o
    0x080095c0   0x080095c0   0x0000006e   Code   RO         5482    i.sqrt              m_wm.l(sqrt.o)
    0x0800962e   0x0800962e   0x00000002   PAD
    0x08009630   0x08009630   0x000000ec   Code   RO            4    i.start_task        main.o
    0x0800971c   0x0800971c   0x000000be   Code   RO         4267    i.systemInit        system.o
    0x080097da   0x080097da   0x00000020   Code   RO         4350    i.target_limit_float  balance.o
    0x080097fa   0x080097fa   0x00000010   Code   RO         4351    i.target_limit_int  balance.o
    0x0800980a   0x0800980a   0x00000002   PAD
    0x0800980c   0x0800980c   0x000000ac   Code   RO         1091    i.uart1_init        usartx.o
    0x080098b8   0x080098b8   0x000000a8   Code   RO         1092    i.uart2_init        usartx.o
    0x08009960   0x08009960   0x000000b0   Code   RO         1093    i.uart3_init        usartx.o
    0x08009a10   0x08009a10   0x000000dc   Code   RO         1094    i.uart5_init        usartx.o
    0x08009aec   0x08009aec   0x00000010   Code   RO         1095    i.usart1_send       usartx.o
    0x08009afc   0x08009afc   0x00000014   Code   RO         1097    i.usart3_send       usartx.o
    0x08009b10   0x08009b10   0x00000010   Code   RO         1098    i.usart5_send       usartx.o
    0x08009b20   0x08009b20   0x00000024   Code   RO         3373    i.uxListRemove      list.o
    0x08009b44   0x08009b44   0x00000016   Code   RO         3374    i.vListInitialise   list.o
    0x08009b5a   0x08009b5a   0x00000006   Code   RO         3375    i.vListInitialiseItem  list.o
    0x08009b60   0x08009b60   0x00000030   Code   RO         3376    i.vListInsert       list.o
    0x08009b90   0x08009b90   0x00000018   Code   RO         3377    i.vListInsertEnd    list.o
    0x08009ba8   0x08009ba8   0x00000078   Code   RO         4129    i.vPortEnterCritical  port.o
    0x08009c20   0x08009c20   0x00000064   Code   RO         4130    i.vPortExitCritical  port.o
    0x08009c84   0x08009c84   0x0000009c   Code   RO         4213    i.vPortFree         heap_4.o
    0x08009d20   0x08009d20   0x00000020   Code   RO         4131    i.vPortSetupTimerInterrupt  port.o
    0x08009d40   0x08009d40   0x0000008c   Code   RO         4132    i.vPortValidateInterruptPriority  port.o
    0x08009dcc   0x08009dcc   0x00000024   Code   RO         3428    i.vQueueAddToRegistry  queue.o
    0x08009df0   0x08009df0   0x00000044   Code   RO         3432    i.vQueueWaitForMessageRestricted  queue.o
    0x08009e34   0x08009e34   0x0000006c   Code   RO         3661    i.vTaskDelay        tasks.o
    0x08009ea0   0x08009ea0   0x000000ac   Code   RO         3662    i.vTaskDelayUntil   tasks.o
    0x08009f4c   0x08009f4c   0x000000cc   Code   RO         3663    i.vTaskDelete       tasks.o
    0x0800a018   0x0800a018   0x0000000c   Code   RO         3667    i.vTaskMissedYield  tasks.o
    0x0800a024   0x0800a024   0x00000054   Code   RO         3669    i.vTaskPlaceOnEventList  tasks.o
    0x0800a078   0x0800a078   0x0000005c   Code   RO         3670    i.vTaskPlaceOnEventListRestricted  tasks.o
    0x0800a0d4   0x0800a0d4   0x00000084   Code   RO         3672    i.vTaskPriorityInherit  tasks.o
    0x0800a158   0x0800a158   0x00000048   Code   RO         3676    i.vTaskSetTimeOutState  tasks.o
    0x0800a1a0   0x0800a1a0   0x00000094   Code   RO         3677    i.vTaskStartScheduler  tasks.o
    0x0800a234   0x0800a234   0x00000010   Code   RO         3679    i.vTaskSuspendAll   tasks.o
    0x0800a244   0x0800a244   0x0000007c   Code   RO         3680    i.vTaskSwitchContext  tasks.o
    0x0800a2c0   0x0800a2c0   0x00000114   Code   RO         4133    i.xPortStartScheduler  port.o
    0x0800a3d4   0x0800a3d4   0x0000002c   Code   RO         4134    i.xPortSysTickHandler  port.o
    0x0800a400   0x0800a400   0x00000078   Code   RO         3437    i.xQueueGenericCreate  queue.o
    0x0800a478   0x0800a478   0x00000184   Code   RO         3438    i.xQueueGenericReceive  queue.o
    0x0800a5fc   0x0800a5fc   0x000000a8   Code   RO         3439    i.xQueueGenericReset  queue.o
    0x0800a6a4   0x0800a6a4   0x00000188   Code   RO         3440    i.xQueueGenericSend  queue.o
    0x0800a82c   0x0800a82c   0x000000e0   Code   RO         3441    i.xQueueGenericSendFromISR  queue.o
    0x0800a90c   0x0800a90c   0x00000088   Code   RO         3681    i.xTaskCheckForTimeOut  tasks.o
    0x0800a994   0x0800a994   0x00000056   Code   RO         3682    i.xTaskCreate       tasks.o
    0x0800a9ea   0x0800a9ea   0x00000002   PAD
    0x0800a9ec   0x0800a9ec   0x0000001c   Code   RO         3686    i.xTaskGetSchedulerState  tasks.o
    0x0800aa08   0x0800aa08   0x0000000c   Code   RO         3687    i.xTaskGetTickCount  tasks.o
    0x0800aa14   0x0800aa14   0x000000e8   Code   RO         3689    i.xTaskIncrementTick  tasks.o
    0x0800aafc   0x0800aafc   0x000000b4   Code   RO         3692    i.xTaskPriorityDisinherit  tasks.o
    0x0800abb0   0x0800abb0   0x00000098   Code   RO         3693    i.xTaskRemoveFromEventList  tasks.o
    0x0800ac48   0x0800ac48   0x000000e4   Code   RO         3695    i.xTaskResumeAll    tasks.o
    0x0800ad2c   0x0800ad2c   0x00000074   Code   RO         4007    i.xTimerCreate      timers.o
    0x0800ada0   0x0800ada0   0x00000074   Code   RO         4008    i.xTimerCreateTimerTask  timers.o
    0x0800ae14   0x0800ae14   0x00000090   Code   RO         4009    i.xTimerGenericCommand  timers.o
    0x0800aea4   0x0800aea4   0x00000018   Code   RO         5433    x$fpl$basic         fz_wm.l(basic.o)
    0x0800aebc   0x0800aebc   0x00000062   Code   RO         5337    x$fpl$d2f           fz_wm.l(d2f.o)
    0x0800af1e   0x0800af1e   0x00000002   PAD
    0x0800af20   0x0800af20   0x00000150   Code   RO         5339    x$fpl$dadd          fz_wm.l(daddsub_clz.o)
    0x0800b070   0x0800b070   0x00000010   Code   RO         5528    x$fpl$dcheck1       fz_wm.l(dcheck1.o)
    0x0800b080   0x0800b080   0x00000018   Code   RO         5530    x$fpl$dcmpinf       fz_wm.l(dcmpi.o)
    0x0800b098   0x0800b098   0x000002b0   Code   RO         5346    x$fpl$ddiv          fz_wm.l(ddiv.o)
    0x0800b348   0x0800b348   0x00000078   Code   RO         5435    x$fpl$deqf          fz_wm.l(deqf.o)
    0x0800b3c0   0x0800b3c0   0x0000005e   Code   RO         5532    x$fpl$dfix          fz_wm.l(dfix.o)
    0x0800b41e   0x0800b41e   0x0000002e   Code   RO         5350    x$fpl$dflt          fz_wm.l(dflt_clz.o)
    0x0800b44c   0x0800b44c   0x00000026   Code   RO         5349    x$fpl$dfltu         fz_wm.l(dflt_clz.o)
    0x0800b472   0x0800b472   0x00000002   PAD
    0x0800b474   0x0800b474   0x00000078   Code   RO         5536    x$fpl$dleqf         fz_wm.l(dleqf.o)
    0x0800b4ec   0x0800b4ec   0x00000154   Code   RO         5355    x$fpl$dmul          fz_wm.l(dmul.o)
    0x0800b640   0x0800b640   0x0000009c   Code   RO         5437    x$fpl$dnaninf       fz_wm.l(dnaninf.o)
    0x0800b6dc   0x0800b6dc   0x0000000c   Code   RO         5439    x$fpl$dretinf       fz_wm.l(dretinf.o)
    0x0800b6e8   0x0800b6e8   0x0000006c   Code   RO         5441    x$fpl$drleqf        fz_wm.l(drleqf.o)
    0x0800b754   0x0800b754   0x00000016   Code   RO         5340    x$fpl$drsb          fz_wm.l(daddsub_clz.o)
    0x0800b76a   0x0800b76a   0x00000002   PAD
    0x0800b76c   0x0800b76c   0x00000198   Code   RO         5538    x$fpl$dsqrt         fz_wm.l(dsqrt_umaal.o)
    0x0800b904   0x0800b904   0x000001d4   Code   RO         5341    x$fpl$dsub          fz_wm.l(daddsub_clz.o)
    0x0800bad8   0x0800bad8   0x00000056   Code   RO         5357    x$fpl$f2d           fz_wm.l(f2d.o)
    0x0800bb2e   0x0800bb2e   0x0000008c   Code   RO         5443    x$fpl$fnaninf       fz_wm.l(fnaninf.o)
    0x0800bbba   0x0800bbba   0x0000000a   Code   RO         5625    x$fpl$fpinit        fz_wm.l(fpinit.o)
    0x0800bbc4   0x0800bbc4   0x0000000a   Code   RO         5445    x$fpl$fretinf       fz_wm.l(fretinf.o)
    0x0800bbce   0x0800bbce   0x00000064   Code   RO         5555    x$fpl$retnan        fz_wm.l(retnan.o)
    0x0800bc32   0x0800bc32   0x0000005c   Code   RO         5447    x$fpl$scalbn        fz_wm.l(scalbn.o)
    0x0800bc8e   0x0800bc8e   0x00000030   Code   RO         5608    x$fpl$trapveneer    fz_wm.l(trapv.o)
    0x0800bcbe   0x0800bcbe   0x00000000   Code   RO         5449    x$fpl$usenofp       fz_wm.l(usenofp.o)
    0x0800bcbe   0x0800bcbe   0x000014a4   Data   RO          823    .constdata          oled.o
    0x0800d162   0x0800d162   0x0000000c   Data   RO         4808    .constdata          inv_mpu.o
    0x0800d16e   0x0800d16e   0x0000001b   Data   RO         4809    .constdata          inv_mpu.o
    0x0800d189   0x0800d189   0x00000003   PAD
    0x0800d18c   0x0800d18c   0x00000028   Data   RO         4810    .constdata          inv_mpu.o
    0x0800d1b4   0x0800d1b4   0x00000bf6   Data   RO         5124    .constdata          inv_mpu_dmp_motion_driver.o
    0x0800ddaa   0x0800ddaa   0x00000006   PAD
    0x0800ddb0   0x0800ddb0   0x00000098   Data   RO         5362    .constdata          m_wm.l(atan.o)
    0x0800de48   0x0800de48   0x00000088   Data   RO         5388    .constdata          m_wm.l(pow.o)
    0x0800ded0   0x0800ded0   0x00000008   Data   RO         5474    .constdata          m_wm.l(qnan.o)
    0x0800ded8   0x0800ded8   0x000000c8   Data   RO         5477    .constdata          m_wm.l(rred.o)
    0x0800dfa0   0x0800dfa0   0x00000060   Data   RO         5493    .constdata          m_wm.l(tan_i.o)
    0x0800e000   0x0800e000   0x00000020   Data   RO         5685    Region$$Table       anon$$obj.o


    Execution Region RW_IRAM1 (Exec base: 0x20000000, Load base: 0x0800e020, Size: 0x00006120, Max: 0x00020000, ABSOLUTE, COMPRESSED[0x0000006c])

    Exec Addr    Load Addr    Size         Type   Attr      Idx    E Section Name        Object

    0x20000000   COMPRESSED   0x00000004   Data   RW            5    .data               main.o
    0x20000004   COMPRESSED   0x00000014   Data   RW          429    .data               system_stm32f4xx.o
    0x20000018   COMPRESSED   0x00000004   Data   RW          470    .data               adc.o
    0x2000001c   COMPRESSED   0x00000004   Data   RW          472    .data               adc.o
    0x20000020   COMPRESSED   0x00000014   Data   RW          676    .data               key.o
    0x20000034   COMPRESSED   0x00000008   Data   RW          725    .data               led.o
    0x2000003c   COMPRESSED   0x00000028   Data   RW          924    .data               pstwo.o
    0x20000064   COMPRESSED   0x00000044   Data   RW         1033    .data               timer.o
    0x200000a8   COMPRESSED   0x0000000c   Data   RW         1100    .data               usartx.o
    0x200000b4   COMPRESSED   0x00000008   Data   RW         1239    .data               delay.o
    0x200000bc   COMPRESSED   0x00000004   Data   RW         1375    .data               usart.o
    0x200000c0   COMPRESSED   0x00000010   Data   RW         1619    .data               stm32f4xx_rcc.o
    0x200000d0   COMPRESSED   0x0000003c   Data   RW         3698    .data               tasks.o
    0x2000010c   COMPRESSED   0x00000014   Data   RW         4017    .data               timers.o
    0x20000120   COMPRESSED   0x0000000c   Data   RW         4135    .data               port.o
    0x2000012c   COMPRESSED   0x00000018   Data   RW         4218    .data               heap_4.o
    0x20000144   COMPRESSED   0x00000001   Data   RW         4273    .data               system.o
    0x20000145   COMPRESSED   0x00000001   Data   RW         4274    .data               system.o
    0x20000146   COMPRESSED   0x00000002   PAD
    0x20000148   COMPRESSED   0x00000004   Data   RW         4275    .data               system.o
    0x2000014c   COMPRESSED   0x00000004   Data   RW         4276    .data               system.o
    0x20000150   COMPRESSED   0x00000004   Data   RW         4277    .data               system.o
    0x20000154   COMPRESSED   0x00000001   Data   RW         4278    .data               system.o
    0x20000155   COMPRESSED   0x00000001   Data   RW         4279    .data               system.o
    0x20000156   COMPRESSED   0x00000001   Data   RW         4280    .data               system.o
    0x20000157   COMPRESSED   0x00000001   Data   RW         4281    .data               system.o
    0x20000158   COMPRESSED   0x00000001   Data   RW         4282    .data               system.o
    0x20000159   COMPRESSED   0x00000003   PAD
    0x2000015c   COMPRESSED   0x00000004   Data   RW         4283    .data               system.o
    0x20000160   COMPRESSED   0x00000004   Data   RW         4287    .data               system.o
    0x20000164   COMPRESSED   0x00000004   Data   RW         4288    .data               system.o
    0x20000168   COMPRESSED   0x00000004   Data   RW         4290    .data               system.o
    0x2000016c   COMPRESSED   0x00000004   Data   RW         4291    .data               system.o
    0x20000170   COMPRESSED   0x00000004   Data   RW         4292    .data               system.o
    0x20000174   COMPRESSED   0x00000004   Data   RW         4293    .data               system.o
    0x20000178   COMPRESSED   0x00000004   Data   RW         4294    .data               system.o
    0x2000017c   COMPRESSED   0x00000004   Data   RW         4295    .data               system.o
    0x20000180   COMPRESSED   0x00000004   Data   RW         4296    .data               system.o
    0x20000184   COMPRESSED   0x00000004   Data   RW         4297    .data               system.o
    0x20000188   COMPRESSED   0x00000004   Data   RW         4298    .data               system.o
    0x2000018c   COMPRESSED   0x00000004   Data   RW         4299    .data               system.o
    0x20000190   COMPRESSED   0x00000001   Data   RW         4300    .data               system.o
    0x20000191   COMPRESSED   0x00000001   Data   RW         4301    .data               system.o
    0x20000192   COMPRESSED   0x00000001   Data   RW         4302    .data               system.o
    0x20000193   COMPRESSED   0x00000001   Data   RW         4303    .data               system.o
    0x20000194   COMPRESSED   0x00000001   Data   RW         4304    .data               system.o
    0x20000195   COMPRESSED   0x00000001   Data   RW         4305    .data               system.o
    0x20000196   COMPRESSED   0x00000002   PAD
    0x20000198   COMPRESSED   0x00000004   Data   RW         4306    .data               system.o
    0x2000019c   COMPRESSED   0x00000004   Data   RW         4307    .data               system.o
    0x200001a0   COMPRESSED   0x00000004   Data   RW         4308    .data               system.o
    0x200001a4   COMPRESSED   0x00000004   Data   RW         4309    .data               system.o
    0x200001a8   COMPRESSED   0x00000004   Data   RW         4310    .data               system.o
    0x200001ac   COMPRESSED   0x00000024   Data   RW         4353    .data               balance.o
    0x200001d0   COMPRESSED   0x00000001   Data   RW         4354    .data               balance.o
    0x200001d1   COMPRESSED   0x00000003   PAD
    0x200001d4   COMPRESSED   0x00000018   Data   RW         4491    .data               show.o
    0x200001ec   COMPRESSED   0x0000002c   Data   RW         4548    .data               mpu6050.o
    0x20000218   COMPRESSED   0x00000035   Data   RW         4811    .data               inv_mpu.o
    0x2000024d   COMPRESSED   0x00000003   PAD
    0x20000250        -       0x00000400   Zero   RW          822    .bss                oled.o
    0x20000650        -       0x00000009   Zero   RW          923    .bss                pstwo.o
    0x20000659   COMPRESSED   0x00000003   PAD
    0x2000065c        -       0x00000090   Zero   RW         1099    .bss                usartx.o
    0x200006ec        -       0x00000040   Zero   RW         3452    .bss                queue.o
    0x2000072c        -       0x000002e4   Zero   RW         3697    .bss                tasks.o
    0x20000a10        -       0x00000028   Zero   RW         4016    .bss                timers.o
    0x20000a38        -       0x00005000   Zero   RW         4217    .bss                heap_4.o
    0x20005a38        -       0x00000014   Zero   RW         4269    .bss                system.o
    0x20005a4c        -       0x00000014   Zero   RW         4270    .bss                system.o
    0x20005a60        -       0x00000014   Zero   RW         4271    .bss                system.o
    0x20005a74        -       0x00000014   Zero   RW         4272    .bss                system.o
    0x20005a88        -       0x00000010   Zero   RW         4352    .bss                balance.o
    0x20005a98        -       0x00000018   Zero   RW         4461    .bss                robot_select_init.o
    0x20005ab0        -       0x00000010   Zero   RW         5123    .bss                inv_mpu_dmp_motion_driver.o
    0x20005ac0        -       0x00000060   Zero   RW         5541    .bss                c_w.l(libspace.o)
    0x20005b20        -       0x00000200   Zero   RW         1416    HEAP                startup_stm32f40_41xxx.o
    0x20005d20        -       0x00000400   Zero   RW         1415    STACK               startup_stm32f40_41xxx.o


==============================================================================

Image component sizes


      Code (inc. data)   RO Data    RW Data    ZI Data      Debug   Object Name

       502         60          0          8          0       4877   adc.o
      3024        514          0         37         16      14590   balance.o
      1150         84          0          0          0       6295   can.o
       212         18          0          8          0     266509   delay.o
       944         70          0          0          0       7259   encoder.o
         0          0          0          0          0      12340   event_groups.o
       584        138          0         24      20480       5007   heap_4.o
       994         74          0          0          0      10776   i2c.o
      4966        224         79         53          0      35706   inv_mpu.o
      2442        134       3062          0         16      23038   inv_mpu_dmp_motion_driver.o
       184         12          0         20          0       3682   key.o
       148         20          0          8          0       2864   led.o
       136          0          0          0          0       4082   list.o
       292        130          0          4          0     293144   main.o
       144         14          0          0          0       2697   misc.o
       808         44          0          0          0       4343   motor.o
       642         24          0         44          0       7740   mpu6050.o
       878         42       5284          0       1024       8935   oled.o
      1038        382          0         12          0      12577   port.o
      1092        118          0         40          9       9548   pstwo.o
      1832        236          0          0         64      18077   queue.o
       312         74          0          0         24       2157   robot_select_init.o
      1948        388          0         24          0       3916   show.o
        64         26        392          0       1536        952   startup_stm32f40_41xxx.o
       286         20          0          0          0       6802   stm32f4xx_adc.o
        16          0          0          0          0       1863   stm32f4xx_can.o
       156          0          0          0          0       2914   stm32f4xx_gpio.o
        12          0          0          0          0      52081   stm32f4xx_it.o
        12          6          0          0          0        678   stm32f4xx_pwr.o
       268         42          0         16          0       7044   stm32f4xx_rcc.o
      1274         60          0          0          0      29384   stm32f4xx_tim.o
       310          8          0          0          0       5330   stm32f4xx_usart.o
       190          0          0         97         80       4226   system.o
       272         36          0         20          0       2361   system_stm32f4xx.o
      2930        714          0         60        740      35461   tasks.o
      1152         60          0         68          0       5273   timer.o
      1144        260          0         20         40      11914   timers.o
        26          6          0          4          0       3492   usart.o
      2966        420          0         12        144      17658   usartx.o

    ----------------------------------------------------------------------
     35404       4458       8858        592      24176     947592   Object Totals
         0          0         32          0          0          0   (incl. Generated)
        54          0          9         13          3          0   (incl. Padding)

    ----------------------------------------------------------------------

      Code (inc. data)   RO Data    RW Data    ZI Data      Debug   Library Member Name

        90          0          0          0          0          0   __dczerorl2.o
         8          0          0          0          0         68   __main.o
       104          0          0          0          0         84   __printf.o
         0          0          0          0          0          0   __rtentry.o
        12          0          0          0          0          0   __rtentry2.o
         6          0          0          0          0          0   __rtentry4.o
        52          8          0          0          0          0   __scatter.o
        28          0          0          0          0          0   __scatter_zi.o
        44          0          0          0          0        108   _printf_char.o
        48          6          0          0          0         96   _printf_char_common.o
        36          4          0          0          0         80   _printf_char_file.o
         6          0          0          0          0          0   _printf_d.o
       120         16          0          0          0         92   _printf_dec.o
       178          0          0          0          0         88   _printf_intcommon.o
         0          0          0          0          0          0   _printf_percent.o
         4          0          0          0          0          0   _printf_percent_end.o
         6          0          0          0          0          0   _printf_s.o
        82          0          0          0          0         80   _printf_str.o
        22          0          0          0          0        100   _rserrno.o
        16          0          0          0          0         68   aeabi_memset.o
        18          0          0          0          0         80   exit.o
         8          0          0          0          0         68   ferror.o
         6          0          0          0          0        152   heapauxi.o
         2          0          0          0          0          0   libinit.o
         6          0          0          0          0          0   libinit2.o
         2          0          0          0          0          0   libshutdown.o
         2          0          0          0          0          0   libshutdown2.o
         8          4          0          0         96         68   libspace.o
        72          0          0          0          0         76   llsdiv.o
       238          0          0          0          0        100   lludivv7m.o
        88          0          0          0          0         76   memcmp.o
        24          4          0          0          0         84   noretval__2printf.o
         8          4          0          0          0         68   rt_errno_addr_intlibspace.o
        68          0          0          0          0         68   rt_memclr.o
        78          0          0          0          0         80   rt_memclr_w.o
       138          0          0          0          0         68   rt_memcpy_v6.o
       100          0          0          0          0         80   rt_memcpy_w.o
         2          0          0          0          0          0   rtexit.o
        10          0          0          0          0          0   rtexit2.o
        74          0          0          0          0         80   sys_stackheap_outer.o
         2          0          0          0          0         68   use_no_semi.o
         2          0          0          0          0         68   use_no_semi_2.o
        24          0          0          0          0        164   basic.o
        98          4          0          0          0        140   d2f.o
       826         16          0          0          0        492   daddsub_clz.o
        16          4          0          0          0        116   dcheck1.o
        24          0          0          0          0        116   dcmpi.o
       688        140          0          0          0        256   ddiv.o
       120          4          0          0          0        140   deqf.o
        94          4          0          0          0        140   dfix.o
        84          0          0          0          0        232   dflt_clz.o
       120          4          0          0          0        140   dleqf.o
       340         12          0          0          0        152   dmul.o
       156          4          0          0          0        140   dnaninf.o
        12          0          0          0          0        116   dretinf.o
       108          0          0          0          0        128   drleqf.o
       408         56          0          0          0        168   dsqrt_umaal.o
        86          4          0          0          0        132   f2d.o
       140          4          0          0          0        132   fnaninf.o
        10          0          0          0          0        116   fpinit.o
        10          0          0          0          0        116   fretinf.o
       100          0          0          0          0        116   retnan.o
        92          0          0          0          0        116   scalbn.o
        48          0          0          0          0        116   trapv.o
         0          0          0          0          0          0   usenofp.o
       744        106        152          0          0        352   atan.o
       512         64          0          0          0        208   atan2.o
       184         44          0          0          0        744   dunder.o
        24          0          0          0          0        124   fabs.o
        48          0          0          0          0        124   fpclassify.o
       248          0          0          0          0        152   poly.o
      3152        296        136          0          0        352   pow.o
         0          0          8          0          0          0   qnan.o
      1080        142        200          0          0        188   rred.o
       110          0          0          0          0        148   sqrt.o
       128         20          0          0          0        144   tan.o
       848         84         96          0          0        196   tan_i.o

    ----------------------------------------------------------------------
     12522       1058        592          0         96       8364   Library Totals
        22          0          0          0          0          0   (incl. Padding)

    ----------------------------------------------------------------------

      Code (inc. data)   RO Data    RW Data    ZI Data      Debug   Library Name

      1818         46          0          0         96       2148   c_w.l
      3604        256          0          0          0       3484   fz_wm.l
      7078        756        592          0          0       2732   m_wm.l

    ----------------------------------------------------------------------
     12522       1058        592          0         96       8364   Library Totals

    ----------------------------------------------------------------------

==============================================================================


      Code (inc. data)   RO Data    RW Data    ZI Data      Debug   

     47926       5516       9450        592      24272     920412   Grand Totals
     47926       5516       9450        108      24272     920412   ELF Image Totals (compressed)
     47926       5516       9450        108          0          0   ROM Totals

==============================================================================

    Total RO  Size (Code + RO Data)                57376 (  56.03kB)
    Total RW  Size (RW Data + ZI Data)             24864 (  24.28kB)
    Total ROM Size (Code + RO Data + RW Data)      57484 (  56.14kB)

==============================================================================

